stm32g4xx_hal_rng.c:267:13:HAL_RNG_MspInit	0	static
stm32g4xx_hal_rng.c:155:19:HAL_RNG_Init	16	static
stm32g4xx_hal_rng.c:282:13:HAL_RNG_MspDeInit	0	static
stm32g4xx_hal_rng.c:219:19:HAL_RNG_DeInit	8	static
stm32g4xx_hal_rng.c:557:19:HAL_RNG_GenerateRandomNumber	24	static
stm32g4xx_hal_rng.c:615:19:HAL_RNG_GenerateRandomNumber_IT	0	static
stm32g4xx_hal_rng.c:738:10:HAL_RNG_ReadLastRandomNumber	0	static
stm32g4xx_hal_rng.c:755:13:HAL_RNG_ReadyDataCallback	0	static
stm32g4xx_hal_rng.c:771:13:HAL_RNG_ErrorCallback	0	static
stm32g4xx_hal_rng.c:664:6:HAL_RNG_IRQHandler	8	static
stm32g4xx_hal_rng.c:805:22:HAL_RNG_GetState	0	static
stm32g4xx_hal_rng.c:815:10:HAL_RNG_GetError	0	static
