../Drivers/CMSIS/Include/core_cm4.h:1856:26:NVIC_EncodePriority	0	static
../Core/Src/main.c:799:13:MX_GPIO_Init	88	static
../Core/Src/main.c:584:13:MX_TIM6_Init	32	static,ignoring_inline_asm
../Core/Src/main.c:473:13:MX_TIM4_Init	104	static
../Core/Src/main.c:971:6:HAL_TIM_PeriodElapsedCallback	0	static
../Core/Src/main.c:993:6:Error_Handler	0	static,ignoring_inline_asm
../Core/Src/main.c:621:13:MX_USART3_UART_Init	176	static,ignoring_inline_asm
../Core/Src/main.c:740:13:MX_FMC_Init	40	static
../Core/Src/main.c:708:13:MX_DMA_Init	16	static
../Core/Src/main.c:349:13:MX_SPI1_Init	8	static
../Core/Src/main.c:325:13:MX_CORDIC_Init	8	static
../Core/Src/main.c:387:13:MX_TIM1_Init	40	static
../Core/Src/main.c:529:13:MX_TIM5_Init	64	static
../Core/Src/main.c:431:13:MX_TIM2_Init	40	static
../Core/Src/main.c:264:13:MX_ADC4_Init	40	static
../Core/Src/main.c:222:6:SystemClock_Config	88	static
../Core/Src/main.c:103:5:main	16	static
