stm32g4xx_hal_msp.c:64:6:HAL_MspInit	8	static
stm32g4xx_hal_msp.c:90:6:HAL_ADC_MspInit	128	static
stm32g4xx_hal_msp.c:152:6:HAL_ADC_MspDeInit	8	static
stm32g4xx_hal_msp.c:183:6:HAL_CORDIC_MspInit	8	static
stm32g4xx_hal_msp.c:205:6:HAL_CORDIC_MspDeInit	0	static
stm32g4xx_hal_msp.c:227:6:HAL_SPI_MspInit	48	static
stm32g4xx_hal_msp.c:264:6:HAL_SPI_MspDeInit	0	static
stm32g4xx_hal_msp.c:294:6:HAL_TIM_Base_MspInit	8	static
stm32g4xx_hal_msp.c:316:6:HAL_TIM_Base_MspDeInit	0	static
stm32g4xx_hal_msp.c:399:6:HAL_SRAM_MspInit	56	static
stm32g4xx_hal_msp.c:459:6:HAL_SRAM_MspDeInit	8	static
