stm32g4xx_ll_rcc.c:133:13:LL_RCC_DeInit	0	static
stm32g4xx_ll_rcc.c:208:6:LL_RCC_GetSystemClocksFreq	12	static
stm32g4xx_ll_rcc.c:233:10:LL_RCC_GetUSARTClockFreq	12	static
stm32g4xx_ll_rcc.c:344:10:LL_RCC_GetUARTClockFreq	12	static
stm32g4xx_ll_rcc.c:429:10:LL_RCC_GetI2CClockFreq	12	static
stm32g4xx_ll_rcc.c:544:10:LL_RCC_GetLPUARTClockFreq	12	static
stm32g4xx_ll_rcc.c:588:10:LL_RCC_GetLPTIMClockFreq	12	static
stm32g4xx_ll_rcc.c:639:10:LL_RCC_GetSAIClockFreq	12	static
stm32g4xx_ll_rcc.c:690:10:LL_RCC_GetI2SClockFreq	12	static
stm32g4xx_ll_rcc.c:742:10:LL_RCC_GetFDCANClockFreq	12	static
stm32g4xx_ll_rcc.c:789:10:LL_RCC_GetRNGClockFreq	8	static
stm32g4xx_ll_rcc.c:833:10:LL_RCC_GetUSBClockFreq	8	static
stm32g4xx_ll_rcc.c:879:10:LL_RCC_GetADCClockFreq	12	static
stm32g4xx_ll_rcc.c:950:10:LL_RCC_GetQUADSPIClockFreq	8	static
