Archive member included to satisfy reference by file (symbol)

c:/st/stm32cubeide_1.8.0/stm32cubeide/plugins/com.st.stm32cube.ide.mcu.externaltools.gnu-tools-for-stm32.10.3-2021.10.win32_1.0.200.202301161003/tools/bin/../lib/gcc/arm-none-eabi/10.3.1/../../../../arm-none-eabi/lib/thumb/v7e-m+fp/hard\libc_nano.a(lib_a-errno.o)
                              ./Core/Src/syscalls.o (__errno)
c:/st/stm32cubeide_1.8.0/stm32cubeide/plugins/com.st.stm32cube.ide.mcu.externaltools.gnu-tools-for-stm32.10.3-2021.10.win32_1.0.200.202301161003/tools/bin/../lib/gcc/arm-none-eabi/10.3.1/../../../../arm-none-eabi/lib/thumb/v7e-m+fp/hard\libc_nano.a(lib_a-exit.o)
                              c:/st/stm32cubeide_1.8.0/stm32cubeide/plugins/com.st.stm32cube.ide.mcu.externaltools.gnu-tools-for-stm32.10.3-2021.10.win32_1.0.200.202301161003/tools/bin/../lib/gcc/arm-none-eabi/10.3.1/../../../../arm-none-eabi/lib/thumb/v7e-m+fp/hard/crt0.o (exit)
c:/st/stm32cubeide_1.8.0/stm32cubeide/plugins/com.st.stm32cube.ide.mcu.externaltools.gnu-tools-for-stm32.10.3-2021.10.win32_1.0.200.202301161003/tools/bin/../lib/gcc/arm-none-eabi/10.3.1/../../../../arm-none-eabi/lib/thumb/v7e-m+fp/hard\libc_nano.a(lib_a-impure.o)
                              c:/st/stm32cubeide_1.8.0/stm32cubeide/plugins/com.st.stm32cube.ide.mcu.externaltools.gnu-tools-for-stm32.10.3-2021.10.win32_1.0.200.202301161003/tools/bin/../lib/gcc/arm-none-eabi/10.3.1/../../../../arm-none-eabi/lib/thumb/v7e-m+fp/hard\libc_nano.a(lib_a-exit.o) (_global_impure_ptr)
c:/st/stm32cubeide_1.8.0/stm32cubeide/plugins/com.st.stm32cube.ide.mcu.externaltools.gnu-tools-for-stm32.10.3-2021.10.win32_1.0.200.202301161003/tools/bin/../lib/gcc/arm-none-eabi/10.3.1/../../../../arm-none-eabi/lib/thumb/v7e-m+fp/hard\libc_nano.a(lib_a-init.o)
                              c:/st/stm32cubeide_1.8.0/stm32cubeide/plugins/com.st.stm32cube.ide.mcu.externaltools.gnu-tools-for-stm32.10.3-2021.10.win32_1.0.200.202301161003/tools/bin/../lib/gcc/arm-none-eabi/10.3.1/../../../../arm-none-eabi/lib/thumb/v7e-m+fp/hard/crt0.o (__libc_init_array)
c:/st/stm32cubeide_1.8.0/stm32cubeide/plugins/com.st.stm32cube.ide.mcu.externaltools.gnu-tools-for-stm32.10.3-2021.10.win32_1.0.200.202301161003/tools/bin/../lib/gcc/arm-none-eabi/10.3.1/../../../../arm-none-eabi/lib/thumb/v7e-m+fp/hard\libc_nano.a(lib_a-memcpy-stub.o)
                              ./System/pomozne_funkcije.o (memcpy)
c:/st/stm32cubeide_1.8.0/stm32cubeide/plugins/com.st.stm32cube.ide.mcu.externaltools.gnu-tools-for-stm32.10.3-2021.10.win32_1.0.200.202301161003/tools/bin/../lib/gcc/arm-none-eabi/10.3.1/../../../../arm-none-eabi/lib/thumb/v7e-m+fp/hard\libc_nano.a(lib_a-memset.o)
                              c:/st/stm32cubeide_1.8.0/stm32cubeide/plugins/com.st.stm32cube.ide.mcu.externaltools.gnu-tools-for-stm32.10.3-2021.10.win32_1.0.200.202301161003/tools/bin/../lib/gcc/arm-none-eabi/10.3.1/../../../../arm-none-eabi/lib/thumb/v7e-m+fp/hard/crt0.o (memset)
c:/st/stm32cubeide_1.8.0/stm32cubeide/plugins/com.st.stm32cube.ide.mcu.externaltools.gnu-tools-for-stm32.10.3-2021.10.win32_1.0.200.202301161003/tools/bin/../lib/gcc/arm-none-eabi/10.3.1/../../../../arm-none-eabi/lib/thumb/v7e-m+fp/hard\libc_nano.a(lib_a-printf.o)
                              ./System/joystick.o (printf)
c:/st/stm32cubeide_1.8.0/stm32cubeide/plugins/com.st.stm32cube.ide.mcu.externaltools.gnu-tools-for-stm32.10.3-2021.10.win32_1.0.200.202301161003/tools/bin/../lib/gcc/arm-none-eabi/10.3.1/../../../../arm-none-eabi/lib/thumb/v7e-m+fp/hard\libc_nano.a(lib_a-puts.o)
                              ./System/SCI.o (puts)
c:/st/stm32cubeide_1.8.0/stm32cubeide/plugins/com.st.stm32cube.ide.mcu.externaltools.gnu-tools-for-stm32.10.3-2021.10.win32_1.0.200.202301161003/tools/bin/../lib/gcc/arm-none-eabi/10.3.1/../../../../arm-none-eabi/lib/thumb/v7e-m+fp/hard\libc_nano.a(lib_a-rand.o)
                              ./System/pomozne_funkcije.o (srand)
c:/st/stm32cubeide_1.8.0/stm32cubeide/plugins/com.st.stm32cube.ide.mcu.externaltools.gnu-tools-for-stm32.10.3-2021.10.win32_1.0.200.202301161003/tools/bin/../lib/gcc/arm-none-eabi/10.3.1/../../../../arm-none-eabi/lib/thumb/v7e-m+fp/hard\libc_nano.a(lib_a-setvbuf.o)
                              ./System/SCI.o (setvbuf)
c:/st/stm32cubeide_1.8.0/stm32cubeide/plugins/com.st.stm32cube.ide.mcu.externaltools.gnu-tools-for-stm32.10.3-2021.10.win32_1.0.200.202301161003/tools/bin/../lib/gcc/arm-none-eabi/10.3.1/../../../../arm-none-eabi/lib/thumb/v7e-m+fp/hard\libc_nano.a(lib_a-sprintf.o)
                              ./System/pomozne_funkcije.o (sprintf)
c:/st/stm32cubeide_1.8.0/stm32cubeide/plugins/com.st.stm32cube.ide.mcu.externaltools.gnu-tools-for-stm32.10.3-2021.10.win32_1.0.200.202301161003/tools/bin/../lib/gcc/arm-none-eabi/10.3.1/../../../../arm-none-eabi/lib/thumb/v7e-m+fp/hard\libc_nano.a(lib_a-strlen.o)
                              ./System/pomozne_funkcije.o (strlen)
[...]
Memory Configuration

Name             Origin             Length             Attributes
RAM              0x0000000020000000 0x0000000000020000 xrw
FLASH            0x0000000008000000 0x0000000000080000 xr
*default*        0x0000000000000000 0xffffffffffffffff

Linker script and memory map

LOAD c:/st/stm32cubeide_1.8.0/stm32cubeide/plugins/com.st.stm32cube.ide.mcu.externaltools.gnu-tools-for-stm32.10.3-2021.10.win32_1.0.200.202301161003/tools/bin/../lib/gcc/arm-none-eabi/10.3.1/thumb/v7e-m+fp/hard/crti.o
LOAD c:/st/stm32cubeide_1.8.0/stm32cubeide/plugins/com.st.stm32cube.ide.mcu.externaltools.gnu-tools-for-stm32.10.3-2021.10.win32_1.0.200.202301161003/tools/bin/../lib/gcc/arm-none-eabi/10.3.1/thumb/v7e-m+fp/hard/crtbegin.o
LOAD c:/st/stm32cubeide_1.8.0/stm32cubeide/plugins/com.st.stm32cube.ide.mcu.externaltools.gnu-tools-for-stm32.10.3-2021.10.win32_1.0.200.202301161003/tools/bin/../lib/gcc/arm-none-eabi/10.3.1/../../../../arm-none-eabi/lib/thumb/v7e-m+fp/hard/crt0.o
LOAD ./Core/Src/main.o
LOAD ./Core/Src/stm32g4xx_hal_msp.o
LOAD ./Core/Src/stm32g4xx_it.o
LOAD ./Core/Src/syscalls.o
LOAD ./Core/Src/sysmem.o
LOAD ./Core/Src/system_stm32g4xx.o
LOAD ./Core/Startup/startup_stm32g474qetx.o
LOAD ./Drivers/STM32G4xx_HAL_Driver/Src/stm32g4xx_hal.o
LOAD ./Drivers/STM32G4xx_HAL_Driver/Src/stm32g4xx_hal_adc.o
LOAD ./Drivers/STM32G4xx_HAL_Driver/Src/stm32g4xx_hal_adc_ex.o
LOAD ./Drivers/STM32G4xx_HAL_Driver/Src/stm32g4xx_hal_cordic.o
LOAD ./Drivers/STM32G4xx_HAL_Driver/Src/stm32g4xx_hal_cortex.o
LOAD ./Drivers/STM32G4xx_HAL_Driver/Src/stm32g4xx_hal_dma.o
LOAD ./Drivers/STM32G4xx_HAL_Driver/Src/stm32g4xx_hal_dma_ex.o
LOAD ./Drivers/STM32G4xx_HAL_Driver/Src/stm32g4xx_hal_exti.o
LOAD ./Drivers/STM32G4xx_HAL_Driver/Src/stm32g4xx_hal_flash.o
LOAD ./Drivers/STM32G4xx_HAL_Driver/Src/stm32g4xx_hal_flash_ex.o
LOAD ./Drivers/STM32G4xx_HAL_Driver/Src/stm32g4xx_hal_flash_ramfunc.o
LOAD ./Drivers/STM32G4xx_HAL_Driver/Src/stm32g4xx_hal_gpio.o
LOAD ./Drivers/STM32G4xx_HAL_Driver/Src/stm32g4xx_hal_pwr.o
LOAD ./Drivers/STM32G4xx_HAL_Driver/Src/stm32g4xx_hal_pwr_ex.o
LOAD ./Drivers/STM32G4xx_HAL_Driver/Src/stm32g4xx_hal_rcc.o
LOAD ./Drivers/STM32G4xx_HAL_Driver/Src/stm32g4xx_hal_rcc_ex.o
LOAD ./Drivers/STM32G4xx_HAL_Driver/Src/stm32g4xx_hal_spi.o
LOAD ./Drivers/STM32G4xx_HAL_Driver/Src/stm32g4xx_hal_spi_ex.o
LOAD ./Drivers/STM32G4xx_HAL_Driver/Src/stm32g4xx_hal_sram.o
LOAD ./Drivers/STM32G4xx_HAL_Driver/Src/stm32g4xx_hal_tim.o
LOAD ./Drivers/STM32G4xx_HAL_Driver/Src/stm32g4xx_hal_tim_ex.o
LOAD ./Drivers/STM32G4xx_HAL_Driver/Src/stm32g4xx_ll_adc.o
LOAD ./Drivers/STM32G4xx_HAL_Driver/Src/stm32g4xx_ll_dma.o
LOAD ./Drivers/STM32G4xx_HAL_Driver/Src/stm32g4xx_ll_exti.o
LOAD ./Drivers/STM32G4xx_HAL_Driver/Src/stm32g4xx_ll_fmc.o
LOAD ./Drivers/STM32G4xx_HAL_Driver/Src/stm32g4xx_ll_gpio.o
LOAD ./Drivers/STM32G4xx_HAL_Driver/Src/stm32g4xx_ll_rcc.o
LOAD ./Drivers/STM32G4xx_HAL_Driver/Src/stm32g4xx_ll_tim.o
LOAD ./Drivers/STM32G4xx_HAL_Driver/Src/stm32g4xx_ll_usart.o
LOAD ./Drivers/STM32G4xx_HAL_Driver/Src/stm32g4xx_ll_utils.o
LOAD ./System/LED.o
LOAD ./System/SCI.o
LOAD ./System/XPT2046_touch.o
LOAD ./System/buf.o
LOAD ./System/joystick.o
LOAD ./System/kbd.o
LOAD ./System/lcd.o
LOAD ./System/lcd_backlight.o
LOAD ./System/lcd_ili9341.o
LOAD ./System/map.o
LOAD ./System/periodic_services.o
LOAD ./System/podatki.o
LOAD ./System/pomozne_funkcije.o
LOAD ./System/ray_funkcije.o
LOAD ./System/timing_utils.o
LOAD ./System/ugui.o
START GROUP
LOAD c:/st/stm32cubeide_1.8.0/stm32cubeide/plugins/com.st.stm32cube.ide.mcu.externaltools.gnu-tools-for-stm32.10.3-2021.10.win32_1.0.200.202301161003/tools/bin/../lib/gcc/arm-none-eabi/10.3.1/../../../../arm-none-eabi/lib/thumb/v7e-m+fp/hard\libc_nano.a
LOAD c:/st/stm32cubeide_1.8.0/stm32cubeide/plugins/com.st.stm32cube.ide.mcu.externaltools.gnu-tools-for-stm32.10.3-2021.10.win32_1.0.200.202301161003/tools/bin/../lib/gcc/arm-none-eabi/10.3.1/../../../../arm-none-eabi/lib/thumb/v7e-m+fp/hard\libm.a
END GROUP
START GROUP
LOAD c:/st/stm32cubeide_1.8.0/stm32cubeide/plugins/com.st.stm32cube.ide.mcu.externaltools.gnu-tools-for-stm32.10.3-2021.10.win32_1.0.200.202301161003/tools/bin/../lib/gcc/arm-none-eabi/10.3.1/thumb/v7e-m+fp/hard\libgcc.a
LOAD c:/st/stm32cubeide_1.8.0/stm32cubeide/plugins/com.st.stm32cube.ide.mcu.externaltools.gnu-tools-for-stm32.10.3-2021.10.win32_1.0.200.202301161003/tools/bin/../lib/gcc/arm-none-eabi/10.3.1/../../../../arm-none-eabi/lib/thumb/v7e-m+fp/hard\libc_nano.a
END GROUP
START GROUP
LOAD c:/st/stm32cubeide_1.8.0/stm32cubeide/plugins/com.st.stm32cube.ide.mcu.externaltools.gnu-tools-for-stm32.10.3-2021.10.win32_1.0.200.202301161003/tools/bin/../lib/gcc/arm-none-eabi/10.3.1/thumb/v7e-m+fp/hard\libgcc.a
LOAD c:/st/stm32cubeide_1.8.0/stm32cubeide/plugins/com.st.stm32cube.ide.mcu.externaltools.gnu-tools-for-stm32.10.3-2021.10.win32_1.0.200.202301161003/tools/bin/../lib/gcc/arm-none-eabi/10.3.1/../../../../arm-none-eabi/lib/thumb/v7e-m+fp/hard\libc_nano.a
LOAD c:/st/stm32cubeide_1.8.0/stm32cubeide/plugins/com.st.stm32cube.ide.mcu.externaltools.gnu-tools-for-stm32.10.3-2021.10.win32_1.0.200.202301161003/tools/bin/../lib/gcc/arm-none-eabi/10.3.1/../../../../arm-none-eabi/lib/thumb/v7e-m+fp/hard\libnosys.a
END GROUP
START GROUP
LOAD c:/st/stm32cubeide_1.8.0/stm32cubeide/plugins/com.st.stm32cube.ide.mcu.externaltools.gnu-tools-for-stm32.10.3-2021.10.win32_1.0.200.202301161003/tools/bin/../lib/gcc/arm-none-eabi/10.3.1/thumb/v7e-m+fp/hard\libgcc.a
LOAD c:/st/stm32cubeide_1.8.0/stm32cubeide/plugins/com.st.stm32cube.ide.mcu.externaltools.gnu-tools-for-stm32.10.3-2021.10.win32_1.0.200.202301161003/tools/bin/../lib/gcc/arm-none-eabi/10.3.1/../../../../arm-none-eabi/lib/thumb/v7e-m+fp/hard\libc_nano.a
LOAD c:/st/stm32cubeide_1.8.0/stm32cubeide/plugins/com.st.stm32cube.ide.mcu.externaltools.gnu-tools-for-stm32.10.3-2021.10.win32_1.0.200.202301161003/tools/bin/../lib/gcc/arm-none-eabi/10.3.1/../../../../arm-none-eabi/lib/thumb/v7e-m+fp/hard\libnosys.a
END GROUP
LOAD c:/st/stm32cubeide_1.8.0/stm32cubeide/plugins/com.st.stm32cube.ide.mcu.externaltools.gnu-tools-for-stm32.10.3-2021.10.win32_1.0.200.202301161003/tools/bin/../lib/gcc/arm-none-eabi/10.3.1/thumb/v7e-m+fp/hard/crtend.o
LOAD c:/st/stm32cubeide_1.8.0/stm32cubeide/plugins/com.st.stm32cube.ide.mcu.externaltools.gnu-tools-for-stm32.10.3-2021.10.win32_1.0.200.202301161003/tools/bin/../lib/gcc/arm-none-eabi/10.3.1/thumb/v7e-m+fp/hard/crtn.o
                0x0000000020020000                _estack = (ORIGIN (RAM) + LENGTH (RAM))
                0x0000000000000200                _Min_Heap_Size = 0x200
                0x0000000000000400                _Min_Stack_Size = 0x400

.isr_vector     0x0000000008000000      0x1d8
                0x0000000008000000                . = ALIGN (0x4)
 *(.isr_vector)
 .isr_vector    0x0000000008000000      0x1d8 ./Core/Startup/startup_stm32g474qetx.o
                0x0000000008000000                g_pfnVectors
                0x00000000080001d8                . = ALIGN (0x4)

.text           0x00000000080001e0     0xc094
                0x00000000080001e0                . = ALIGN (0x4)
 *(.text)
 .text          0x00000000080001e0       0x40 c:/st/stm32cubeide_1.8.0/stm32cubeide/plugins/com.st.stm32cube.ide.mcu.externaltools.gnu-tools-for-stm32.10.3-2021.10.win32_1.0.200.202301161003/tools/bin/../lib/gcc/arm-none-eabi/10.3.1/thumb/v7e-m+fp/hard/crtbegin.o
 .text          0x0000000008000220       0x10 c:/st/stm32cubeide_1.8.0/stm32cubeide/plugins/com.st.stm32cube.ide.mcu.externaltools.gnu-tools-for-stm32.10.3-2021.10.win32_1.0.200.202301161003/tools/bin/../lib/gcc/arm-none-eabi/10.3.1/../../../../arm-none-eabi/lib/thumb/v7e-m+fp/hard\libc_nano.a(lib_a-strlen.o)
                0x0000000008000220                strlen
 .text          0x0000000008000230       0xa0 c:/st/stm32cubeide_1.8.0/stm32cubeide/plugins/com.st.stm32cube.ide.mcu.externaltools.gnu-tools-for-stm32.10.3-2021.10.win32_1.0.200.202301161003/tools/bin/../lib/gcc/arm-none-eabi/10.3.1/../../../../arm-none-eabi/lib/thumb/v7e-m+fp/hard\libc_nano.a(lib_a-memchr.o)
                0x0000000008000230                memchr
 .text          0x00000000080002d0      0x378 c:/st/stm32cubeide_1.8.0/stm32cubeide/plugins/com.st.stm32cube.ide.mcu.externaltools.gnu-tools-for-stm32.10.3-2021.10.win32_1.0.200.202301161003/tools/bin/../lib/gcc/arm-none-eabi/10.3.1/thumb/v7e-m+fp/hard\libgcc.a(_arm_addsubdf3.o)
                0x00000000080002d0                __aeabi_drsub
                0x00000000080002d8                __aeabi_dsub
                0x00000000080002d8                __subdf3
                0x00000000080002dc                __aeabi_dadd
                0x00000000080002dc                __adddf3
                0x0000000008000554                __floatunsidf
                0x0000000008000554                __aeabi_ui2d
                0x0000000008000574                __floatsidf
                0x0000000008000574                __aeabi_i2d
                0x0000000008000598                __aeabi_f2d
                0x0000000008000598                __extendsfdf2
                0x00000000080005dc                __floatundidf
                0x00000000080005dc                __aeabi_ul2d
                0x00000000080005ec                __floatdidf
                0x00000000080005ec                __aeabi_l2d
 .text          0x0000000008000648      0x424 c:/st/stm32cubeide_1.8.0/stm32cubeide/plugins/com.st.stm32cube.ide.mcu.externaltools.gnu-tools-for-stm32.10.3-2021.10.win32_1.0.200.202301161003/tools/bin/../lib/gcc/arm-none-eabi/10.3.1/thumb/v7e-m+fp/hard\libgcc.a(_arm_muldivdf3.o)
                0x0000000008000648                __aeabi_dmul
                0x0000000008000648                __muldf3
                0x000000000800089c                __divdf3
                0x000000000800089c                __aeabi_ddiv
 .text          0x0000000008000a6c      0x110 c:/st/stm32cubeide_1.8.0/stm32cubeide/plugins/com.st.stm32cube.ide.mcu.externaltools.gnu-tools-for-stm32.10.3-2021.10.win32_1.0.200.202301161003/tools/bin/../lib/gcc/arm-none-eabi/10.3.1/thumb/v7e-m+fp/hard\libgcc.a(_arm_cmpdf2.o)
                0x0000000008000a6c                __gtdf2
                0x0000000008000a6c                __gedf2
                0x0000000008000a74                __ltdf2
                0x0000000008000a74                __ledf2
                0x0000000008000a7c                __nedf2
                0x0000000008000a7c                __eqdf2
                0x0000000008000a7c                __cmpdf2
                0x0000000008000af8                __aeabi_cdrcmple
                0x0000000008000b08                __aeabi_cdcmpeq
                0x0000000008000b08                __aeabi_cdcmple
                0x0000000008000b18                __aeabi_dcmpeq
                0x0000000008000b2c                __aeabi_dcmplt
                0x0000000008000b40                __aeabi_dcmple
                0x0000000008000b54                __aeabi_dcmpge
                0x0000000008000b68                __aeabi_dcmpgt
 .text          0x0000000008000b7c       0x2c c:/st/stm32cubeide_1.8.0/stm32cubeide/plugins/com.st.stm32cube.ide.mcu.externaltools.gnu-tools-for-stm32.10.3-2021.10.win32_1.0.200.202301161003/tools/bin/../lib/gcc/arm-none-eabi/10.3.1/thumb/v7e-m+fp/hard\libgcc.a(_arm_unorddf2.o)
                0x0000000008000b7c                __unorddf2
                0x0000000008000b7c                __aeabi_dcmpun
 .text          0x0000000008000ba8       0x50 c:/st/stm32cubeide_1.8.0/stm32cubeide/plugins/com.st.stm32cube.ide.mcu.externaltools.gnu-tools-for-stm32.10.3-2021.10.win32_1.0.200.202301161003/tools/bin/../lib/gcc/arm-none-eabi/10.3.1/thumb/v7e-m+fp/hard\libgcc.a(_arm_fixdfsi.o)
                0x0000000008000ba8                __aeabi_d2iz
                0x0000000008000ba8                __fixdfsi
 .text          0x0000000008000bf8       0xa0 c:/st/stm32cubeide_1.8.0/stm32cubeide/plugins/com.st.stm32cube.ide.mcu.externaltools.gnu-tools-for-stm32.10.3-2021.10.win32_1.0.200.202301161003/tools/bin/../lib/gcc/arm-none-eabi/10.3.1/thumb/v7e-m+fp/hard\libgcc.a(_arm_truncdfsf2.o)
                0x0000000008000bf8                __truncdfsf2
                0x0000000008000bf8                __aeabi_d2f
 *(.text*)
 .text.NVIC_EncodePriority
                0x0000000008000c98       0x36 ./Core/Src/main.o
 *fill*         0x0000000008000cce        0x2 
 .text.MX_GPIO_Init
                0x0000000008000cd0      0x228 ./Core/Src/main.o
 .text.MX_TIM6_Init
                0x0000000008000ef8       0x8c ./Core/Src/main.o
 .text.MX_TIM4_Init
                0x0000000008000f84       0xe8 ./Core/Src/main.o
 .text.HAL_TIM_PeriodElapsedCallback
                0x000000000800106c       0x78 ./Core/Src/main.o
                0x000000000800106c                HAL_TIM_PeriodElapsedCallback
 .text.Error_Handler
                0x00000000080010e4        0x4 ./Core/Src/main.o
                0x00000000080010e4                Error_Handler
 .text.MX_USART3_UART_Init
                0x00000000080010e8      0x14c ./Core/Src/main.o
 .text.MX_FMC_Init
                0x0000000008001234       0x70 ./Core/Src/main.o
 .text.MX_DMA_Init
                0x00000000080012a4       0x8c ./Core/Src/main.o
 .text.MX_SPI1_Init
                0x0000000008001330       0x48 ./Core/Src/main.o
 .text.MX_CORDIC_Init
                0x0000000008001378       0x1c ./Core/Src/main.o
 .text.MX_TIM1_Init
                0x0000000008001394       0x70 ./Core/Src/main.o
 .text.MX_TIM5_Init
                0x0000000008001404       0xa4 ./Core/Src/main.o
 .text.MX_TIM2_Init
                0x00000000080014a8       0x68 ./Core/Src/main.o
 .text.MX_ADC4_Init
                0x0000000008001510       0xa8 ./Core/Src/main.o
 .text.SystemClock_Config
                0x00000000080015b8       0x72 ./Core/Src/main.o
                0x00000000080015b8                SystemClock_Config
 *fill*         0x000000000800162a        0x2 
 .text.main     0x000000000800162c       0xd8 ./Core/Src/main.o
                0x000000000800162c                main
 .text.HAL_FMC_MspInit
                0x0000000008001704       0x90 ./Core/Src/stm32g4xx_hal_msp.o
 .text.HAL_MspInit
                0x0000000008001794       0x38 ./Core/Src/stm32g4xx_hal_msp.o
                0x0000000008001794                HAL_MspInit
 .text.HAL_ADC_MspInit
                0x00000000080017cc       0xcc ./Core/Src/stm32g4xx_hal_msp.o
                0x00000000080017cc                HAL_ADC_MspInit
 .text.HAL_CORDIC_MspInit
                0x0000000008001898       0x2c ./Core/Src/stm32g4xx_hal_msp.o
                0x0000000008001898                HAL_CORDIC_MspInit
 .text.HAL_SPI_MspInit
                0x00000000080018c4       0x64 ./Core/Src/stm32g4xx_hal_msp.o
                0x00000000080018c4                HAL_SPI_MspInit
 .text.HAL_TIM_Base_MspInit
                0x0000000008001928       0x80 ./Core/Src/stm32g4xx_hal_msp.o
                0x0000000008001928                HAL_TIM_Base_MspInit
 .text.HAL_TIM_MspPostInit
                0x00000000080019a8       0x54 ./Core/Src/stm32g4xx_hal_msp.o
                0x00000000080019a8                HAL_TIM_MspPostInit
 .text.HAL_SRAM_MspInit
                0x00000000080019fc        0x8 ./Core/Src/stm32g4xx_hal_msp.o
                0x00000000080019fc                HAL_SRAM_MspInit
 .text.NMI_Handler
                0x0000000008001a04        0x2 ./Core/Src/stm32g4xx_it.o
                0x0000000008001a04                NMI_Handler
 .text.HardFault_Handler
                0x0000000008001a06        0x2 ./Core/Src/stm32g4xx_it.o
                0x0000000008001a06                HardFault_Handler
 .text.MemManage_Handler
                0x0000000008001a08        0x2 ./Core/Src/stm32g4xx_it.o
                0x0000000008001a08                MemManage_Handler
 .text.BusFault_Handler
                0x0000000008001a0a        0x2 ./Core/Src/stm32g4xx_it.o
                0x0000000008001a0a                BusFault_Handler
 .text.UsageFault_Handler
                0x0000000008001a0c        0x2 ./Core/Src/stm32g4xx_it.o
                0x0000000008001a0c                UsageFault_Handler
 .text.SVC_Handler
                0x0000000008001a0e        0x2 ./Core/Src/stm32g4xx_it.o
                0x0000000008001a0e                SVC_Handler
 .text.DebugMon_Handler
                0x0000000008001a10        0x2 ./Core/Src/stm32g4xx_it.o
                0x0000000008001a10                DebugMon_Handler
 .text.PendSV_Handler
                0x0000000008001a12        0x2 ./Core/Src/stm32g4xx_it.o
                0x0000000008001a12                PendSV_Handler
 .text.SysTick_Handler
                0x0000000008001a14        0x8 ./Core/Src/stm32g4xx_it.o
                0x0000000008001a14                SysTick_Handler
 .text.DMA1_Channel1_IRQHandler
                0x0000000008001a1c       0x10 ./Core/Src/stm32g4xx_it.o
                0x0000000008001a1c                DMA1_Channel1_IRQHandler
 .text.DMA1_Channel2_IRQHandler
                0x0000000008001a2c       0x10 ./Core/Src/stm32g4xx_it.o
                0x0000000008001a2c                DMA1_Channel2_IRQHandler
 .text.TIM2_IRQHandler
                0x0000000008001a3c       0x10 ./Core/Src/stm32g4xx_it.o
                0x0000000008001a3c                TIM2_IRQHandler
 .text.USART3_IRQHandler
                0x0000000008001a4c       0x38 ./Core/Src/stm32g4xx_it.o
                0x0000000008001a4c                USART3_IRQHandler
 .text.TIM6_DAC_IRQHandler
                0x0000000008001a84       0x28 ./Core/Src/stm32g4xx_it.o
                0x0000000008001a84                TIM6_DAC_IRQHandler
 .text._getpid  0x0000000008001aac        0x4 ./Core/Src/syscalls.o
                0x0000000008001aac                _getpid
 .text._kill    0x0000000008001ab0       0x10 ./Core/Src/syscalls.o
                0x0000000008001ab0                _kill
 .text._exit    0x0000000008001ac0        0xc ./Core/Src/syscalls.o
                0x0000000008001ac0                _exit
 .text._read    0x0000000008001acc       0x20 ./Core/Src/syscalls.o
                0x0000000008001acc                _read
 .text._close   0x0000000008001aec        0x6 ./Core/Src/syscalls.o
                0x0000000008001aec                _close
 .text._fstat   0x0000000008001af2        0xa ./Core/Src/syscalls.o
                0x0000000008001af2                _fstat
 .text._isatty  0x0000000008001afc        0x4 ./Core/Src/syscalls.o
                0x0000000008001afc                _isatty
 .text._lseek   0x0000000008001b00        0x4 ./Core/Src/syscalls.o
                0x0000000008001b00                _lseek
 .text._sbrk    0x0000000008001b04       0x48 ./Core/Src/sysmem.o
                0x0000000008001b04                _sbrk
 .text.SystemInit
                0x0000000008001b4c       0x14 ./Core/Src/system_stm32g4xx.o
                0x0000000008001b4c                SystemInit
 .text.Reset_Handler
                0x0000000008001b60       0x50 ./Core/Startup/startup_stm32g474qetx.o
                0x0000000008001b60                Reset_Handler
 .text.Default_Handler
                0x0000000008001bb0        0x2 ./Core/Startup/startup_stm32g474qetx.o
                0x0000000008001bb0                RTC_Alarm_IRQHandler
                0x0000000008001bb0                EXTI2_IRQHandler
                0x0000000008001bb0                TIM8_TRG_COM_IRQHandler
                0x0000000008001bb0                TIM8_CC_IRQHandler
                0x0000000008001bb0                HRTIM1_Master_IRQHandler
                0x0000000008001bb0                SPI4_IRQHandler
                0x0000000008001bb0                FDCAN3_IT0_IRQHandler
                0x0000000008001bb0                TIM1_CC_IRQHandler
                0x0000000008001bb0                HRTIM1_FLT_IRQHandler
                0x0000000008001bb0                HRTIM1_TIMF_IRQHandler
                0x0000000008001bb0                USB_HP_IRQHandler
                0x0000000008001bb0                CORDIC_IRQHandler
                0x0000000008001bb0                HRTIM1_TIMD_IRQHandler
                0x0000000008001bb0                DMA2_Channel8_IRQHandler
                0x0000000008001bb0                EXTI3_IRQHandler
                0x0000000008001bb0                I2C3_ER_IRQHandler
                0x0000000008001bb0                EXTI0_IRQHandler
                0x0000000008001bb0                I2C2_EV_IRQHandler
                0x0000000008001bb0                FPU_IRQHandler
                0x0000000008001bb0                FDCAN1_IT1_IRQHandler
                0x0000000008001bb0                TIM1_UP_TIM16_IRQHandler
                0x0000000008001bb0                ADC1_2_IRQHandler
                0x0000000008001bb0                HRTIM1_TIME_IRQHandler
                0x0000000008001bb0                SPI1_IRQHandler
                0x0000000008001bb0                HRTIM1_TIMC_IRQHandler
                0x0000000008001bb0                TIM8_UP_IRQHandler
                0x0000000008001bb0                DMA2_Channel2_IRQHandler
                0x0000000008001bb0                DMA1_Channel4_IRQHandler
                0x0000000008001bb0                TIM20_TRG_COM_IRQHandler
                0x0000000008001bb0                DMA1_Channel7_IRQHandler
                0x0000000008001bb0                UART5_IRQHandler
                0x0000000008001bb0                ADC3_IRQHandler
                0x0000000008001bb0                TIM4_IRQHandler
                0x0000000008001bb0                DMA2_Channel1_IRQHandler
                0x0000000008001bb0                QUADSPI_IRQHandler
                0x0000000008001bb0                I2C1_EV_IRQHandler
                0x0000000008001bb0                DMA1_Channel6_IRQHandler
                0x0000000008001bb0                UART4_IRQHandler
                0x0000000008001bb0                DMA2_Channel4_IRQHandler
                0x0000000008001bb0                TIM3_IRQHandler
                0x0000000008001bb0                RCC_IRQHandler
                0x0000000008001bb0                TIM20_UP_IRQHandler
                0x0000000008001bb0                Default_Handler
                0x0000000008001bb0                DMA2_Channel7_IRQHandler
                0x0000000008001bb0                RTC_TAMP_LSECSS_IRQHandler
                0x0000000008001bb0                FMAC_IRQHandler
                0x0000000008001bb0                EXTI15_10_IRQHandler
                0x0000000008001bb0                DMA1_Channel8_IRQHandler
                0x0000000008001bb0                HRTIM1_TIMA_IRQHandler
                0x0000000008001bb0                TIM7_DAC_IRQHandler
                0x0000000008001bb0                FDCAN3_IT1_IRQHandler
                0x0000000008001bb0                TIM5_IRQHandler
                0x0000000008001bb0                UCPD1_IRQHandler
                0x0000000008001bb0                I2C3_EV_IRQHandler
                0x0000000008001bb0                EXTI9_5_IRQHandler
                0x0000000008001bb0                RTC_WKUP_IRQHandler
                0x0000000008001bb0                PVD_PVM_IRQHandler
                0x0000000008001bb0                SPI2_IRQHandler
                0x0000000008001bb0                ADC5_IRQHandler
                0x0000000008001bb0                DMA2_Channel5_IRQHandler
                0x0000000008001bb0                CRS_IRQHandler
                0x0000000008001bb0                DMA1_Channel5_IRQHandler
                0x0000000008001bb0                USB_LP_IRQHandler
                0x0000000008001bb0                EXTI4_IRQHandler
                0x0000000008001bb0                RNG_IRQHandler
                0x0000000008001bb0                HRTIM1_TIMB_IRQHandler
                0x0000000008001bb0                TIM1_TRG_COM_TIM17_IRQHandler
                0x0000000008001bb0                FDCAN2_IT1_IRQHandler
                0x0000000008001bb0                DMA1_Channel3_IRQHandler
                0x0000000008001bb0                ADC4_IRQHandler
                0x0000000008001bb0                WWDG_IRQHandler
                0x0000000008001bb0                I2C4_EV_IRQHandler
                0x0000000008001bb0                FDCAN2_IT0_IRQHandler
                0x0000000008001bb0                LPUART1_IRQHandler
                0x0000000008001bb0                DMA2_Channel6_IRQHandler
                0x0000000008001bb0                FDCAN1_IT0_IRQHandler
                0x0000000008001bb0                COMP7_IRQHandler
                0x0000000008001bb0                COMP1_2_3_IRQHandler
                0x0000000008001bb0                EXTI1_IRQHandler
                0x0000000008001bb0                USART2_IRQHandler
                0x0000000008001bb0                COMP4_5_6_IRQHandler
                0x0000000008001bb0                TIM20_BRK_IRQHandler
                0x0000000008001bb0                I2C2_ER_IRQHandler
                0x0000000008001bb0                TIM8_BRK_IRQHandler
                0x0000000008001bb0                FLASH_IRQHandler
                0x0000000008001bb0                TIM20_CC_IRQHandler
                0x0000000008001bb0                USART1_IRQHandler
                0x0000000008001bb0                SPI3_IRQHandler
                0x0000000008001bb0                I2C1_ER_IRQHandler
                0x0000000008001bb0                FMC_IRQHandler
                0x0000000008001bb0                LPTIM1_IRQHandler
                0x0000000008001bb0                DMAMUX_OVR_IRQHandler
                0x0000000008001bb0                I2C4_ER_IRQHandler
                0x0000000008001bb0                USBWakeUp_IRQHandler
                0x0000000008001bb0                SAI1_IRQHandler
                0x0000000008001bb0                DMA2_Channel3_IRQHandler
                0x0000000008001bb0                TIM1_BRK_TIM15_IRQHandler
 *fill*         0x0000000008001bb2        0x2 
 .text.HAL_InitTick
                0x0000000008001bb4       0x50 ./Drivers/STM32G4xx_HAL_Driver/Src/stm32g4xx_hal.o
                0x0000000008001bb4                HAL_InitTick
 .text.HAL_Init
                0x0000000008001c04       0x1e ./Drivers/STM32G4xx_HAL_Driver/Src/stm32g4xx_hal.o
                0x0000000008001c04                HAL_Init
 *fill*         0x0000000008001c22        0x2 
 .text.HAL_IncTick
                0x0000000008001c24       0x18 ./Drivers/STM32G4xx_HAL_Driver/Src/stm32g4xx_hal.o
                0x0000000008001c24                HAL_IncTick
 .text.HAL_GetTick
                0x0000000008001c3c        0xc ./Drivers/STM32G4xx_HAL_Driver/Src/stm32g4xx_hal.o
                0x0000000008001c3c                HAL_GetTick
 .text.HAL_Delay
                0x0000000008001c48       0x28 ./Drivers/STM32G4xx_HAL_Driver/Src/stm32g4xx_hal.o
                0x0000000008001c48                HAL_Delay
 .text.HAL_ADC_Init
                0x0000000008001c70      0x2a8 ./Drivers/STM32G4xx_HAL_Driver/Src/stm32g4xx_hal_adc.o
                0x0000000008001c70                HAL_ADC_Init
 .text.HAL_ADC_ConvCpltCallback
                0x0000000008001f18        0x2 ./Drivers/STM32G4xx_HAL_Driver/Src/stm32g4xx_hal_adc.o
                0x0000000008001f18                HAL_ADC_ConvCpltCallback
 .text.HAL_ADC_ConvHalfCpltCallback
                0x0000000008001f1a        0x2 ./Drivers/STM32G4xx_HAL_Driver/Src/stm32g4xx_hal_adc.o
                0x0000000008001f1a                HAL_ADC_ConvHalfCpltCallback
 .text.ADC_DMAHalfConvCplt
                0x0000000008001f1c        0xa ./Drivers/STM32G4xx_HAL_Driver/Src/stm32g4xx_hal_adc.o
                0x0000000008001f1c                ADC_DMAHalfConvCplt
 .text.HAL_ADC_ErrorCallback
                0x0000000008001f26        0x2 ./Drivers/STM32G4xx_HAL_Driver/Src/stm32g4xx_hal_adc.o
                0x0000000008001f26                HAL_ADC_ErrorCallback
 .text.ADC_DMAConvCplt
                0x0000000008001f28       0x88 ./Drivers/STM32G4xx_HAL_Driver/Src/stm32g4xx_hal_adc.o
                0x0000000008001f28                ADC_DMAConvCplt
 .text.ADC_DMAError
                0x0000000008001fb0       0x1a ./Drivers/STM32G4xx_HAL_Driver/Src/stm32g4xx_hal_adc.o
                0x0000000008001fb0                ADC_DMAError
 *fill*         0x0000000008001fca        0x2 
 .text.HAL_ADC_ConfigChannel
                0x0000000008001fcc      0x538 ./Drivers/STM32G4xx_HAL_Driver/Src/stm32g4xx_hal_adc.o
                0x0000000008001fcc                HAL_ADC_ConfigChannel
 .text.ADC_Enable
                0x0000000008002504       0x98 ./Drivers/STM32G4xx_HAL_Driver/Src/stm32g4xx_hal_adc.o
                0x0000000008002504                ADC_Enable
 .text.HAL_ADC_Start_DMA
                0x000000000800259c      0x138 ./Drivers/STM32G4xx_HAL_Driver/Src/stm32g4xx_hal_adc.o
                0x000000000800259c                HAL_ADC_Start_DMA
 .text.ADC_Disable
                0x00000000080026d4       0x94 ./Drivers/STM32G4xx_HAL_Driver/Src/stm32g4xx_hal_adc.o
                0x00000000080026d4                ADC_Disable
 .text.HAL_ADCEx_Calibration_Start
                0x0000000008002768       0x9c ./Drivers/STM32G4xx_HAL_Driver/Src/stm32g4xx_hal_adc_ex.o
                0x0000000008002768                HAL_ADCEx_Calibration_Start
 .text.HAL_CORDIC_Init
                0x0000000008002804       0x30 ./Drivers/STM32G4xx_HAL_Driver/Src/stm32g4xx_hal_cordic.o
                0x0000000008002804                HAL_CORDIC_Init
 .text.HAL_NVIC_SetPriorityGrouping
                0x0000000008002834       0x24 ./Drivers/STM32G4xx_HAL_Driver/Src/stm32g4xx_hal_cortex.o
                0x0000000008002834                HAL_NVIC_SetPriorityGrouping
 .text.HAL_NVIC_SetPriority
                0x0000000008002858       0x70 ./Drivers/STM32G4xx_HAL_Driver/Src/stm32g4xx_hal_cortex.o
                0x0000000008002858                HAL_NVIC_SetPriority
 .text.HAL_NVIC_EnableIRQ
                0x00000000080028c8       0x1c ./Drivers/STM32G4xx_HAL_Driver/Src/stm32g4xx_hal_cortex.o
                0x00000000080028c8                HAL_NVIC_EnableIRQ
 .text.HAL_SYSTICK_Config
                0x00000000080028e4       0x28 ./Drivers/STM32G4xx_HAL_Driver/Src/stm32g4xx_hal_cortex.o
                0x00000000080028e4                HAL_SYSTICK_Config
 .text.DMA_SetConfig
                0x000000000800290c       0x42 ./Drivers/STM32G4xx_HAL_Driver/Src/stm32g4xx_hal_dma.o
 *fill*         0x000000000800294e        0x2 
 .text.DMA_CalcDMAMUXChannelBaseAndMask
                0x0000000008002950       0x48 ./Drivers/STM32G4xx_HAL_Driver/Src/stm32g4xx_hal_dma.o
 .text.DMA_CalcDMAMUXRequestGenBaseAndMask
                0x0000000008002998       0x28 ./Drivers/STM32G4xx_HAL_Driver/Src/stm32g4xx_hal_dma.o
 .text.HAL_DMA_Init
                0x00000000080029c0       0xd8 ./Drivers/STM32G4xx_HAL_Driver/Src/stm32g4xx_hal_dma.o
                0x00000000080029c0                HAL_DMA_Init
 .text.HAL_DMA_Start_IT
                0x0000000008002a98       0x94 ./Drivers/STM32G4xx_HAL_Driver/Src/stm32g4xx_hal_dma.o
                0x0000000008002a98                HAL_DMA_Start_IT
 .text.HAL_DMA_IRQHandler
                0x0000000008002b2c       0xc4 ./Drivers/STM32G4xx_HAL_Driver/Src/stm32g4xx_hal_dma.o
                0x0000000008002b2c                HAL_DMA_IRQHandler
 .text.HAL_GPIO_Init
                0x0000000008002bf0      0x1d4 ./Drivers/STM32G4xx_HAL_Driver/Src/stm32g4xx_hal_gpio.o
                0x0000000008002bf0                HAL_GPIO_Init
 .text.HAL_PWREx_ControlVoltageScaling
                0x0000000008002dc4      0x10c ./Drivers/STM32G4xx_HAL_Driver/Src/stm32g4xx_hal_pwr_ex.o
                0x0000000008002dc4                HAL_PWREx_ControlVoltageScaling
 .text.HAL_PWREx_DisableUCPDDeadBattery
                0x0000000008002ed0       0x10 ./Drivers/STM32G4xx_HAL_Driver/Src/stm32g4xx_hal_pwr_ex.o
                0x0000000008002ed0                HAL_PWREx_DisableUCPDDeadBattery
 .text.RCC_GetSysClockFreqFromPLLSource
                0x0000000008002ee0       0x58 ./Drivers/STM32G4xx_HAL_Driver/Src/stm32g4xx_hal_rcc.o
 .text.HAL_RCC_OscConfig
                0x0000000008002f38      0x4e8 ./Drivers/STM32G4xx_HAL_Driver/Src/stm32g4xx_hal_rcc.o
                0x0000000008002f38                HAL_RCC_OscConfig
 .text.HAL_RCC_GetSysClockFreq
                0x0000000008003420       0x88 ./Drivers/STM32G4xx_HAL_Driver/Src/stm32g4xx_hal_rcc.o
                0x0000000008003420                HAL_RCC_GetSysClockFreq
 .text.HAL_RCC_ClockConfig
                0x00000000080034a8      0x1f8 ./Drivers/STM32G4xx_HAL_Driver/Src/stm32g4xx_hal_rcc.o
                0x00000000080034a8                HAL_RCC_ClockConfig
 .text.HAL_RCCEx_PeriphCLKConfig
                0x00000000080036a0      0x378 ./Drivers/STM32G4xx_HAL_Driver/Src/stm32g4xx_hal_rcc_ex.o
                0x00000000080036a0                HAL_RCCEx_PeriphCLKConfig
 .text.HAL_SPI_Init
                0x0000000008003a18       0xe8 ./Drivers/STM32G4xx_HAL_Driver/Src/stm32g4xx_hal_spi.o
                0x0000000008003a18                HAL_SPI_Init
 .text.HAL_SRAM_Init
                0x0000000008003b00       0x58 ./Drivers/STM32G4xx_HAL_Driver/Src/stm32g4xx_hal_sram.o
                0x0000000008003b00                HAL_SRAM_Init
 .text.TIM_OC1_SetConfig
                0x0000000008003b58       0xb0 ./Drivers/STM32G4xx_HAL_Driver/Src/stm32g4xx_hal_tim.o
 .text.TIM_OC3_SetConfig
                0x0000000008003c08       0x9c ./Drivers/STM32G4xx_HAL_Driver/Src/stm32g4xx_hal_tim.o
 .text.TIM_OC4_SetConfig
                0x0000000008003ca4       0x9c ./Drivers/STM32G4xx_HAL_Driver/Src/stm32g4xx_hal_tim.o
 .text.TIM_OC5_SetConfig
                0x0000000008003d40       0x70 ./Drivers/STM32G4xx_HAL_Driver/Src/stm32g4xx_hal_tim.o
 .text.TIM_OC6_SetConfig
                0x0000000008003db0       0x74 ./Drivers/STM32G4xx_HAL_Driver/Src/stm32g4xx_hal_tim.o
 .text.TIM_TI1_ConfigInputStage
                0x0000000008003e24       0x26 ./Drivers/STM32G4xx_HAL_Driver/Src/stm32g4xx_hal_tim.o
 .text.TIM_TI2_ConfigInputStage
                0x0000000008003e4a       0x28 ./Drivers/STM32G4xx_HAL_Driver/Src/stm32g4xx_hal_tim.o
 .text.TIM_ITRx_SetConfig
                0x0000000008003e72       0x14 ./Drivers/STM32G4xx_HAL_Driver/Src/stm32g4xx_hal_tim.o
 *fill*         0x0000000008003e86        0x2 
 .text.HAL_TIM_Base_Start
                0x0000000008003e88       0x8c ./Drivers/STM32G4xx_HAL_Driver/Src/stm32g4xx_hal_tim.o
                0x0000000008003e88                HAL_TIM_Base_Start
 .text.HAL_TIM_Base_Start_IT
                0x0000000008003f14       0x94 ./Drivers/STM32G4xx_HAL_Driver/Src/stm32g4xx_hal_tim.o
                0x0000000008003f14                HAL_TIM_Base_Start_IT
 .text.HAL_TIM_PWM_MspInit
                0x0000000008003fa8        0x2 ./Drivers/STM32G4xx_HAL_Driver/Src/stm32g4xx_hal_tim.o
                0x0000000008003fa8                HAL_TIM_PWM_MspInit
 .text.HAL_TIM_OC_DelayElapsedCallback
                0x0000000008003faa        0x2 ./Drivers/STM32G4xx_HAL_Driver/Src/stm32g4xx_hal_tim.o
                0x0000000008003faa                HAL_TIM_OC_DelayElapsedCallback
 .text.HAL_TIM_IC_CaptureCallback
                0x0000000008003fac        0x2 ./Drivers/STM32G4xx_HAL_Driver/Src/stm32g4xx_hal_tim.o
                0x0000000008003fac                HAL_TIM_IC_CaptureCallback
 .text.HAL_TIM_PWM_PulseFinishedCallback
                0x0000000008003fae        0x2 ./Drivers/STM32G4xx_HAL_Driver/Src/stm32g4xx_hal_tim.o
                0x0000000008003fae                HAL_TIM_PWM_PulseFinishedCallback
 .text.HAL_TIM_TriggerCallback
                0x0000000008003fb0        0x2 ./Drivers/STM32G4xx_HAL_Driver/Src/stm32g4xx_hal_tim.o
                0x0000000008003fb0                HAL_TIM_TriggerCallback
 .text.HAL_TIM_IRQHandler
                0x0000000008003fb2      0x21e ./Drivers/STM32G4xx_HAL_Driver/Src/stm32g4xx_hal_tim.o
                0x0000000008003fb2                HAL_TIM_IRQHandler
 .text.TIM_Base_SetConfig
                0x00000000080041d0       0xe0 ./Drivers/STM32G4xx_HAL_Driver/Src/stm32g4xx_hal_tim.o
                0x00000000080041d0                TIM_Base_SetConfig
 .text.HAL_TIM_Base_Init
                0x00000000080042b0       0x60 ./Drivers/STM32G4xx_HAL_Driver/Src/stm32g4xx_hal_tim.o
                0x00000000080042b0                HAL_TIM_Base_Init
 .text.HAL_TIM_PWM_Init
                0x0000000008004310       0x60 ./Drivers/STM32G4xx_HAL_Driver/Src/stm32g4xx_hal_tim.o
                0x0000000008004310                HAL_TIM_PWM_Init
 .text.TIM_OC2_SetConfig
                0x0000000008004370       0x9c ./Drivers/STM32G4xx_HAL_Driver/Src/stm32g4xx_hal_tim.o
                0x0000000008004370                TIM_OC2_SetConfig
 .text.HAL_TIM_PWM_ConfigChannel
                0x000000000800440c      0x13a ./Drivers/STM32G4xx_HAL_Driver/Src/stm32g4xx_hal_tim.o
                0x000000000800440c                HAL_TIM_PWM_ConfigChannel
 .text.TIM_ETR_SetConfig
                0x0000000008004546       0x1a ./Drivers/STM32G4xx_HAL_Driver/Src/stm32g4xx_hal_tim.o
                0x0000000008004546                TIM_ETR_SetConfig
 .text.HAL_TIM_ConfigClockSource
                0x0000000008004560      0x154 ./Drivers/STM32G4xx_HAL_Driver/Src/stm32g4xx_hal_tim.o
                0x0000000008004560                HAL_TIM_ConfigClockSource
 .text.TIM_CCxChannelCmd
                0x00000000080046b4       0x1e ./Drivers/STM32G4xx_HAL_Driver/Src/stm32g4xx_hal_tim.o
                0x00000000080046b4                TIM_CCxChannelCmd
 *fill*         0x00000000080046d2        0x2 
 .text.HAL_TIM_PWM_Start
                0x00000000080046d4      0x170 ./Drivers/STM32G4xx_HAL_Driver/Src/stm32g4xx_hal_tim.o
                0x00000000080046d4                HAL_TIM_PWM_Start
 .text.HAL_TIMEx_MasterConfigSynchronization
                0x0000000008004844       0xac ./Drivers/STM32G4xx_HAL_Driver/Src/stm32g4xx_hal_tim_ex.o
                0x0000000008004844                HAL_TIMEx_MasterConfigSynchronization
 .text.HAL_TIMEx_CommutCallback
                0x00000000080048f0        0x2 ./Drivers/STM32G4xx_HAL_Driver/Src/stm32g4xx_hal_tim_ex.o
                0x00000000080048f0                HAL_TIMEx_CommutCallback
 .text.HAL_TIMEx_BreakCallback
                0x00000000080048f2        0x2 ./Drivers/STM32G4xx_HAL_Driver/Src/stm32g4xx_hal_tim_ex.o
                0x00000000080048f2                HAL_TIMEx_BreakCallback
 .text.HAL_TIMEx_Break2Callback
                0x00000000080048f4        0x2 ./Drivers/STM32G4xx_HAL_Driver/Src/stm32g4xx_hal_tim_ex.o
                0x00000000080048f4                HAL_TIMEx_Break2Callback
 .text.HAL_TIMEx_EncoderIndexCallback
                0x00000000080048f6        0x2 ./Drivers/STM32G4xx_HAL_Driver/Src/stm32g4xx_hal_tim_ex.o
                0x00000000080048f6                HAL_TIMEx_EncoderIndexCallback
 .text.HAL_TIMEx_DirectionChangeCallback
                0x00000000080048f8        0x2 ./Drivers/STM32G4xx_HAL_Driver/Src/stm32g4xx_hal_tim_ex.o
                0x00000000080048f8                HAL_TIMEx_DirectionChangeCallback
 .text.HAL_TIMEx_IndexErrorCallback
                0x00000000080048fa        0x2 ./Drivers/STM32G4xx_HAL_Driver/Src/stm32g4xx_hal_tim_ex.o
                0x00000000080048fa                HAL_TIMEx_IndexErrorCallback
 .text.HAL_TIMEx_TransitionErrorCallback
                0x00000000080048fc        0x2 ./Drivers/STM32G4xx_HAL_Driver/Src/stm32g4xx_hal_tim_ex.o
                0x00000000080048fc                HAL_TIMEx_TransitionErrorCallback
 *fill*         0x00000000080048fe        0x2 
 .text.FMC_NORSRAM_Init
                0x0000000008004900       0xe0 ./Drivers/STM32G4xx_HAL_Driver/Src/stm32g4xx_ll_fmc.o
                0x0000000008004900                FMC_NORSRAM_Init
 .text.FMC_NORSRAM_Timing_Init
                0x00000000080049e0       0x66 ./Drivers/STM32G4xx_HAL_Driver/Src/stm32g4xx_ll_fmc.o
                0x00000000080049e0                FMC_NORSRAM_Timing_Init
 .text.FMC_NORSRAM_Extended_Timing_Init
                0x0000000008004a46       0x4a ./Drivers/STM32G4xx_HAL_Driver/Src/stm32g4xx_ll_fmc.o
                0x0000000008004a46                FMC_NORSRAM_Extended_Timing_Init
 .text.LL_GPIO_Init
                0x0000000008004a90      0x17e ./Drivers/STM32G4xx_HAL_Driver/Src/stm32g4xx_ll_gpio.o
                0x0000000008004a90                LL_GPIO_Init
 *fill*         0x0000000008004c0e        0x2 
 .text.RCC_GetHCLKClockFreq
                0x0000000008004c10       0x1c ./Drivers/STM32G4xx_HAL_Driver/Src/stm32g4xx_ll_rcc.o
 .text.RCC_GetPCLK1ClockFreq
                0x0000000008004c2c       0x1c ./Drivers/STM32G4xx_HAL_Driver/Src/stm32g4xx_ll_rcc.o
 .text.RCC_GetPCLK2ClockFreq
                0x0000000008004c48       0x1c ./Drivers/STM32G4xx_HAL_Driver/Src/stm32g4xx_ll_rcc.o
 .text.RCC_PLL_GetFreqDomain_SYS
                0x0000000008004c64       0x48 ./Drivers/STM32G4xx_HAL_Driver/Src/stm32g4xx_ll_rcc.o
 .text.RCC_GetSystemClockFreq
                0x0000000008004cac       0x2c ./Drivers/STM32G4xx_HAL_Driver/Src/stm32g4xx_ll_rcc.o
 .text.LL_RCC_GetUSARTClockFreq
                0x0000000008004cd8      0x11c ./Drivers/STM32G4xx_HAL_Driver/Src/stm32g4xx_ll_rcc.o
                0x0000000008004cd8                LL_RCC_GetUSARTClockFreq
 .text.LL_RCC_GetUARTClockFreq
                0x0000000008004df4       0xc8 ./Drivers/STM32G4xx_HAL_Driver/Src/stm32g4xx_ll_rcc.o
                0x0000000008004df4                LL_RCC_GetUARTClockFreq
 .text.OC1Config
                0x0000000008004ebc       0x98 ./Drivers/STM32G4xx_HAL_Driver/Src/stm32g4xx_ll_tim.o
 .text.OC2Config
                0x0000000008004f54       0x9c ./Drivers/STM32G4xx_HAL_Driver/Src/stm32g4xx_ll_tim.o
 .text.OC3Config
                0x0000000008004ff0       0x9c ./Drivers/STM32G4xx_HAL_Driver/Src/stm32g4xx_ll_tim.o
 .text.OC4Config
                0x000000000800508c       0x9c ./Drivers/STM32G4xx_HAL_Driver/Src/stm32g4xx_ll_tim.o
 .text.OC5Config
                0x0000000008005128       0x80 ./Drivers/STM32G4xx_HAL_Driver/Src/stm32g4xx_ll_tim.o
 .text.OC6Config
                0x00000000080051a8       0x80 ./Drivers/STM32G4xx_HAL_Driver/Src/stm32g4xx_ll_tim.o
 .text.LL_TIM_Init
                0x0000000008005228       0xe0 ./Drivers/STM32G4xx_HAL_Driver/Src/stm32g4xx_ll_tim.o
                0x0000000008005228                LL_TIM_Init
 .text.LL_TIM_OC_Init
                0x0000000008005308       0x54 ./Drivers/STM32G4xx_HAL_Driver/Src/stm32g4xx_ll_tim.o
                0x0000000008005308                LL_TIM_OC_Init
 .text.LL_USART_Init
                0x000000000800535c      0x118 ./Drivers/STM32G4xx_HAL_Driver/Src/stm32g4xx_ll_usart.o
                0x000000000800535c                LL_USART_Init
 .text.LED_on   0x0000000008005474       0x14 ./System/LED.o
                0x0000000008005474                LED_on
 .text.LED_off  0x0000000008005488       0x14 ./System/LED.o
                0x0000000008005488                LED_off
 .text.LED_toggle
                0x000000000800549c       0x24 ./System/LED.o
                0x000000000800549c                LED_toggle
 .text.LEDs_on  0x00000000080054c0       0x44 ./System/LED.o
                0x00000000080054c0                LEDs_on
 .text.LEDs_off
                0x0000000008005504       0x44 ./System/LED.o
                0x0000000008005504                LEDs_off
 .text.LEDs_write
                0x0000000008005548       0x48 ./System/LED.o
                0x0000000008005548                LEDs_write
 .text.LED_init
                0x0000000008005590       0x48 ./System/LED.o
                0x0000000008005590                LED_init
 .text.SCI_init
                0x00000000080055d8       0x60 ./System/SCI.o
                0x00000000080055d8                SCI_init
 .text.SCI_send_byte
                0x0000000008005638       0x14 ./System/SCI.o
                0x0000000008005638                SCI_send_byte
 .text.SCI_send_bytes
                0x000000000800564c       0x18 ./System/SCI.o
                0x000000000800564c                SCI_send_bytes
 .text._write   0x0000000008005664       0x10 ./System/SCI.o
                0x0000000008005664                _write
 .text.SCI_receive_char_Callback
                0x0000000008005674       0x1c ./System/SCI.o
                0x0000000008005674                SCI_receive_char_Callback
 .text.SCI_transmit_char_Callback
                0x0000000008005690       0x44 ./System/SCI.o
                0x0000000008005690                SCI_transmit_char_Callback
 .text.BUF_flush
                0x00000000080056d4       0x10 ./System/buf.o
                0x00000000080056d4                BUF_flush
 .text.BUF_init
                0x00000000080056e4        0xc ./System/buf.o
                0x00000000080056e4                BUF_init
 .text.BUF_store_byte
                0x00000000080056f0       0x38 ./System/buf.o
                0x00000000080056f0                BUF_store_byte
 .text.BUF_get_byte
                0x0000000008005728       0x34 ./System/buf.o
                0x0000000008005728                BUF_get_byte
 .text.BUF_get_data_size
                0x000000000800575c        0x4 ./System/buf.o
                0x000000000800575c                BUF_get_data_size
 .text.JOY_init
                0x0000000008005760       0x78 ./System/joystick.o
                0x0000000008005760                JOY_init
 .text.JOY_get_axis_position
                0x00000000080057d8       0x70 ./System/joystick.o
                0x00000000080057d8                JOY_get_axis_position
 .text.KBD_init
                0x0000000008005848       0x6c ./System/kbd.o
                0x0000000008005848                KBD_init
 .text.KBD_scan
                0x00000000080058b4       0x54 ./System/kbd.o
                0x00000000080058b4                KBD_scan
 .text.KBD_get_pressed_key
                0x0000000008005908       0x24 ./System/kbd.o
                0x0000000008005908                KBD_get_pressed_key
 .text.KBD_get_button_state
                0x000000000800592c       0x14 ./System/kbd.o
                0x000000000800592c                KBD_get_button_state
 .text.KBD_demo_toggle_LEDs_if_buttons_pressed
                0x0000000008005940       0x68 ./System/kbd.o
                0x0000000008005940                KBD_demo_toggle_LEDs_if_buttons_pressed
 .text.UserPixelSetFunction
                0x00000000080059a8       0x1c ./System/lcd.o
                0x00000000080059a8                UserPixelSetFunction
 .text.LCD_IO_Init
                0x00000000080059c4       0x1c ./System/lcd.o
 .text.LCD_FillRect
                0x00000000080059e0       0x38 ./System/lcd.o
                0x00000000080059e0                LCD_FillRect
 .text._HW_FillFrame_
                0x0000000008005a18       0x34 ./System/lcd.o
 .text.LCD_ClearScreen
                0x0000000008005a4c       0x24 ./System/lcd.o
                0x0000000008005a4c                LCD_ClearScreen
 .text.LCD_Init
                0x0000000008005a70       0x20 ./System/lcd.o
                0x0000000008005a70                LCD_Init
 .text.LCD_uGUI_init
                0x0000000008005a90       0x50 ./System/lcd.o
                0x0000000008005a90                LCD_uGUI_init
 .text.LL_TIM_OC_SetCompareCH1
                0x0000000008005ae0        0x4 ./System/lcd_backlight.o
 .text.LL_TIM_OC_GetCompareCH1
                0x0000000008005ae4        0x4 ./System/lcd_backlight.o
 .text.LCD_BKLT_set_brightness
                0x0000000008005ae8       0x14 ./System/lcd_backlight.o
                0x0000000008005ae8                LCD_BKLT_set_brightness
 .text.LCD_BKLT_on
                0x0000000008005afc       0x10 ./System/lcd_backlight.o
                0x0000000008005afc                LCD_BKLT_on
 .text.LCD_BKLT_init
                0x0000000008005b0c       0x40 ./System/lcd_backlight.o
                0x0000000008005b0c                LCD_BKLT_init
 .text.ILI9341_SetAddress
                0x0000000008005b4c       0x20 ./System/lcd_ili9341.o
                0x0000000008005b4c                ILI9341_SetAddress
 .text.ILI9341_SendData
                0x0000000008005b6c       0x8c ./System/lcd_ili9341.o
                0x0000000008005b6c                ILI9341_SendData
 .text.ILI9341_SendRepeatedData
                0x0000000008005bf8       0x1c ./System/lcd_ili9341.o
                0x0000000008005bf8                ILI9341_SendRepeatedData
 .text.ILI9341_SetOrientation
                0x0000000008005c14       0x58 ./System/lcd_ili9341.o
                0x0000000008005c14                ILI9341_SetOrientation
 .text.ILI9341_SetDisplayWindow
                0x0000000008005c6c       0x9a ./System/lcd_ili9341.o
                0x0000000008005c6c                ILI9341_SetDisplayWindow
 *fill*         0x0000000008005d06        0x2 
 .text.ILI9341_Init
                0x0000000008005d08       0xd8 ./System/lcd_ili9341.o
                0x0000000008005d08                ILI9341_Init
 .text.ILI9341_WaitTransfer
                0x0000000008005de0        0xa ./System/lcd_ili9341.o
                0x0000000008005de0                ILI9341_WaitTransfer
 .text.ILI9341_DisplayOn
                0x0000000008005dea       0x18 ./System/lcd_ili9341.o
                0x0000000008005dea                ILI9341_DisplayOn
 *fill*         0x0000000008005e02        0x2 
 .text.ILI9341_GetParam
                0x0000000008005e04       0x2c ./System/lcd_ili9341.o
                0x0000000008005e04                ILI9341_GetParam
 .text.generateMap
                0x0000000008005e30      0x154 ./System/map.o
                0x0000000008005e30                generateMap
 .text.drawMiniMap
                0x0000000008005f84      0x15c ./System/map.o
                0x0000000008005f84                drawMiniMap
 .text.PSERV_init
                0x00000000080060e0       0x18 ./System/periodic_services.o
                0x00000000080060e0                PSERV_init
 .text.PSERV_enable
                0x00000000080060f8       0x14 ./System/periodic_services.o
                0x00000000080060f8                PSERV_enable
 .text.PSERV_run_services_Callback
                0x000000000800610c        0x8 ./System/periodic_services.o
                0x000000000800610c                PSERV_run_services_Callback
 .text.narisi_velik_kvadrat
                0x0000000008006114       0x8c ./System/pomozne_funkcije.o
                0x0000000008006114                narisi_velik_kvadrat
 .text.narisi_velik_kvadrat_stene
                0x00000000080061a0       0xb8 ./System/pomozne_funkcije.o
                0x00000000080061a0                narisi_velik_kvadrat_stene
 .text.popraviKot
                0x0000000008006258       0x78 ./System/pomozne_funkcije.o
                0x0000000008006258                popraviKot
 .text.create_rgb
                0x00000000080062d0       0x10 ./System/pomozne_funkcije.o
                0x00000000080062d0                create_rgb
 .text.reset    0x00000000080062e0       0x88 ./System/pomozne_funkcije.o
                0x00000000080062e0                reset
 .text.visibility
                0x0000000008006368       0x58 ./System/pomozne_funkcije.o
                0x0000000008006368                visibility
 .text.map_range
                0x00000000080063c0       0x1a ./System/pomozne_funkcije.o
                0x00000000080063c0                map_range
 *fill*         0x00000000080063da        0x6 
 .text.moveBlood
                0x00000000080063e0       0xa0 ./System/pomozne_funkcije.o
                0x00000000080063e0                moveBlood
 .text.initBlood
                0x0000000008006480      0x12c ./System/pomozne_funkcije.o
                0x0000000008006480                initBlood
 .text.drawBlood
                0x00000000080065ac       0xa8 ./System/pomozne_funkcije.o
                0x00000000080065ac                drawBlood
 .text.draw_full_screen_image
                0x0000000008006654       0x54 ./System/pomozne_funkcije.o
                0x0000000008006654                draw_full_screen_image
 .text.draw_full_screen_image_without_red
                0x00000000080066a8       0x70 ./System/pomozne_funkcije.o
                0x00000000080066a8                draw_full_screen_image_without_red
 .text.create_level_one_sprites
                0x0000000008006718      0x1ac ./System/pomozne_funkcije.o
                0x0000000008006718                create_level_one_sprites
 .text.copy_sprites
                0x00000000080068c4       0x2c ./System/pomozne_funkcije.o
                0x00000000080068c4                copy_sprites
 .text.init     0x00000000080068f0      0x130 ./System/pomozne_funkcije.o
                0x00000000080068f0                init
 .text.handle_score
                0x0000000008006a20      0x220 ./System/pomozne_funkcije.o
                0x0000000008006a20                handle_score
 .text.play_sound
                0x0000000008006c40       0x70 ./System/pomozne_funkcije.o
                0x0000000008006c40                play_sound
 .text.check_victory
                0x0000000008006cb0       0xa4 ./System/pomozne_funkcije.o
                0x0000000008006cb0                check_victory
 .text.shoot    0x0000000008006d54      0x108 ./System/pomozne_funkcije.o
                0x0000000008006d54                shoot
 *fill*         0x0000000008006e5c        0x4 
 .text.drawGun  0x0000000008006e60      0x118 ./System/ray_funkcije.o
                0x0000000008006e60                drawGun
 .text.drawMap  0x0000000008006f78      0xcf4 ./System/ray_funkcije.o
                0x0000000008006f78                drawMap
 *fill*         0x0000000008007c6c        0x4 
 .text.drawSprites
                0x0000000008007c70      0x904 ./System/ray_funkcije.o
                0x0000000008007c70                drawSprites
 .text.TIMUT_stopwatch_set_time_mark
                0x0000000008008574        0xc ./System/timing_utils.o
                0x0000000008008574                TIMUT_stopwatch_set_time_mark
 .text.TIMUT_stopwatch_update
                0x0000000008008580       0x10 ./System/timing_utils.o
                0x0000000008008580                TIMUT_stopwatch_update
 .text.TIMUT_stopwatch_has_X_ms_passed
                0x0000000008008590       0x18 ./System/timing_utils.o
                0x0000000008008590                TIMUT_stopwatch_has_X_ms_passed
 .text.UG_Init  0x00000000080085a8       0x68 ./System/ugui.o
                0x00000000080085a8                UG_Init
 .text.UG_FontSelect
                0x0000000008008610       0x24 ./System/ugui.o
                0x0000000008008610                UG_FontSelect
 .text.UG_FillFrame
                0x0000000008008634       0x68 ./System/ugui.o
                0x0000000008008634                UG_FillFrame
 .text.UG_SetForecolor
                0x000000000800869c        0xc ./System/ugui.o
                0x000000000800869c                UG_SetForecolor
 .text.UG_SetBackcolor
                0x00000000080086a8        0xc ./System/ugui.o
                0x00000000080086a8                UG_SetBackcolor
 .text._UG_PutChar
                0x00000000080086b4      0x328 ./System/ugui.o
                0x00000000080086b4                _UG_PutChar
 .text.UG_PutChar
                0x00000000080089dc       0x1c ./System/ugui.o
                0x00000000080089dc                UG_PutChar
 .text.UG_PutString
                0x00000000080089f8       0x7c ./System/ugui.o
                0x00000000080089f8                UG_PutString
 .text.UG_DriverRegister
                0x0000000008008a74       0x1c ./System/ugui.o
                0x0000000008008a74                UG_DriverRegister
 .text.UG_DriverEnable
                0x0000000008008a90       0x2c ./System/ugui.o
                0x0000000008008a90                UG_DriverEnable
 .text.__errno  0x0000000008008abc        0xc c:/st/stm32cubeide_1.8.0/stm32cubeide/plugins/com.st.stm32cube.ide.mcu.externaltools.gnu-tools-for-stm32.10.3-2021.10.win32_1.0.200.202301161003/tools/bin/../lib/gcc/arm-none-eabi/10.3.1/../../../../arm-none-eabi/lib/thumb/v7e-m+fp/hard\libc_nano.a(lib_a-errno.o)
                0x0000000008008abc                __errno
 .text.__libc_init_array
                0x0000000008008ac8       0x48 c:/st/stm32cubeide_1.8.0/stm32cubeide/plugins/com.st.stm32cube.ide.mcu.externaltools.gnu-tools-for-stm32.10.3-2021.10.win32_1.0.200.202301161003/tools/bin/../lib/gcc/arm-none-eabi/10.3.1/../../../../arm-none-eabi/lib/thumb/v7e-m+fp/hard\libc_nano.a(lib_a-init.o)
                0x0000000008008ac8                __libc_init_array
 .text.memcpy   0x0000000008008b10       0x1c c:/st/stm32cubeide_1.8.0/stm32cubeide/plugins/com.st.stm32cube.ide.mcu.externaltools.gnu-tools-for-stm32.10.3-2021.10.win32_1.0.200.202301161003/tools/bin/../lib/gcc/arm-none-eabi/10.3.1/../../../../arm-none-eabi/lib/thumb/v7e-m+fp/hard\libc_nano.a(lib_a-memcpy-stub.o)
                0x0000000008008b10                memcpy
 .text.memset   0x0000000008008b2c       0x10 c:/st/stm32cubeide_1.8.0/stm32cubeide/plugins/com.st.stm32cube.ide.mcu.externaltools.gnu-tools-for-stm32.10.3-2021.10.win32_1.0.200.202301161003/tools/bin/../lib/gcc/arm-none-eabi/10.3.1/../../../../arm-none-eabi/lib/thumb/v7e-m+fp/hard\libc_nano.a(lib_a-memset.o)
                0x0000000008008b2c                memset
 .text.srand    0x0000000008008b3c       0x5c c:/st/stm32cubeide_1.8.0/stm32cubeide/plugins/com.st.stm32cube.ide.mcu.externaltools.gnu-tools-for-stm32.10.3-2021.10.win32_1.0.200.202301161003/tools/bin/../lib/gcc/arm-none-eabi/10.3.1/../../../../arm-none-eabi/lib/thumb/v7e-m+fp/hard\libc_nano.a(lib_a-rand.o)
                0x0000000008008b3c                srand
 .text.rand     0x0000000008008b98       0x7c c:/st/stm32cubeide_1.8.0/stm32cubeide/plugins/com.st.stm32cube.ide.mcu.externaltools.gnu-tools-for-stm32.10.3-2021.10.win32_1.0.200.202301161003/tools/bin/../lib/gcc/arm-none-eabi/10.3.1/../../../../arm-none-eabi/lib/thumb/v7e-m+fp/hard\libc_nano.a(lib_a-rand.o)
                0x0000000008008b98                rand
 .text.setvbuf  0x0000000008008c14      0x18c c:/st/stm32cubeide_1.8.0/stm32cubeide/plugins/com.st.stm32cube.ide.mcu.externaltools.gnu-tools-for-stm32.10.3-2021.10.win32_1.0.200.202301161003/tools/bin/../lib/gcc/arm-none-eabi/10.3.1/../../../../arm-none-eabi/lib/thumb/v7e-m+fp/hard\libc_nano.a(lib_a-setvbuf.o)
                0x0000000008008c14                setvbuf
 .text.sprintf  0x0000000008008da0       0x40 c:/st/stm32cubeide_1.8.0/stm32cubeide/plugins/com.st.stm32cube.ide.mcu.externaltools.gnu-tools-for-stm32.10.3-2021.10.win32_1.0.200.202301161003/tools/bin/../lib/gcc/arm-none-eabi/10.3.1/../../../../arm-none-eabi/lib/thumb/v7e-m+fp/hard\libc_nano.a(lib_a-sprintf.o)
                0x0000000008008da0                siprintf
                0x0000000008008da0                sprintf
 .text.__swbuf_r
                0x0000000008008de0       0xa4 c:/st/stm32cubeide_1.8.0/stm32cubeide/plugins/com.st.stm32cube.ide.mcu.externaltools.gnu-tools-for-stm32.10.3-2021.10.win32_1.0.200.202301161003/tools/bin/../lib/gcc/arm-none-eabi/10.3.1/../../../../arm-none-eabi/lib/thumb/v7e-m+fp/hard\libc_nano.a(lib_a-wbuf.o)
                0x0000000008008de0                __swbuf_r
 .text.__swsetup_r
                0x0000000008008e84       0xdc c:/st/stm32cubeide_1.8.0/stm32cubeide/plugins/com.st.stm32cube.ide.mcu.externaltools.gnu-tools-for-stm32.10.3-2021.10.win32_1.0.200.202301161003/tools/bin/../lib/gcc/arm-none-eabi/10.3.1/../../../../arm-none-eabi/lib/thumb/v7e-m+fp/hard\libc_nano.a(lib_a-wsetup.o)
                0x0000000008008e84                __swsetup_r
 .text.__assert_func
                0x0000000008008f60       0x3c c:/st/stm32cubeide_1.8.0/stm32cubeide/plugins/com.st.stm32cube.ide.mcu.externaltools.gnu-tools-for-stm32.10.3-2021.10.win32_1.0.200.202301161003/tools/bin/../lib/gcc/arm-none-eabi/10.3.1/../../../../arm-none-eabi/lib/thumb/v7e-m+fp/hard\libc_nano.a(lib_a-assert.o)
                0x0000000008008f60                __assert_func
 .text.__sflush_r
                0x0000000008008f9c      0x10c c:/st/stm32cubeide_1.8.0/stm32cubeide/plugins/com.st.stm32cube.ide.mcu.externaltools.gnu-tools-for-stm32.10.3-2021.10.win32_1.0.200.202301161003/tools/bin/../lib/gcc/arm-none-eabi/10.3.1/../../../../arm-none-eabi/lib/thumb/v7e-m+fp/hard\libc_nano.a(lib_a-fflush.o)
                0x0000000008008f9c                __sflush_r
 .text._fflush_r
                0x00000000080090a8       0x78 c:/st/stm32cubeide_1.8.0/stm32cubeide/plugins/com.st.stm32cube.ide.mcu.externaltools.gnu-tools-for-stm32.10.3-2021.10.win32_1.0.200.202301161003/tools/bin/../lib/gcc/arm-none-eabi/10.3.1/../../../../arm-none-eabi/lib/thumb/v7e-m+fp/hard\libc_nano.a(lib_a-fflush.o)
                0x00000000080090a8                _fflush_r
 .text.std      0x0000000008009120       0x48 c:/st/stm32cubeide_1.8.0/stm32cubeide/plugins/com.st.stm32cube.ide.mcu.externaltools.gnu-tools-for-stm32.10.3-2021.10.win32_1.0.200.202301161003/tools/bin/../lib/gcc/arm-none-eabi/10.3.1/../../../../arm-none-eabi/lib/thumb/v7e-m+fp/hard\libc_nano.a(lib_a-findfp.o)
 .text._cleanup_r
                0x0000000008009168        0xc c:/st/stm32cubeide_1.8.0/stm32cubeide/plugins/com.st.stm32cube.ide.mcu.externaltools.gnu-tools-for-stm32.10.3-2021.10.win32_1.0.200.202301161003/tools/bin/../lib/gcc/arm-none-eabi/10.3.1/../../../../arm-none-eabi/lib/thumb/v7e-m+fp/hard\libc_nano.a(lib_a-findfp.o)
                0x0000000008009168                _cleanup_r
 .text.__sfmoreglue
                0x0000000008009174       0x2c c:/st/stm32cubeide_1.8.0/stm32cubeide/plugins/com.st.stm32cube.ide.mcu.externaltools.gnu-tools-for-stm32.10.3-2021.10.win32_1.0.200.202301161003/tools/bin/../lib/gcc/arm-none-eabi/10.3.1/../../../../arm-none-eabi/lib/thumb/v7e-m+fp/hard\libc_nano.a(lib_a-findfp.o)
                0x0000000008009174                __sfmoreglue
 .text.__sfp_lock_acquire
                0x00000000080091a0        0xc c:/st/stm32cubeide_1.8.0/stm32cubeide/plugins/com.st.stm32cube.ide.mcu.externaltools.gnu-tools-for-stm32.10.3-2021.10.win32_1.0.200.202301161003/tools/bin/../lib/gcc/arm-none-eabi/10.3.1/../../../../arm-none-eabi/lib/thumb/v7e-m+fp/hard\libc_nano.a(lib_a-findfp.o)
                0x00000000080091a0                __sfp_lock_acquire
 .text.__sfp_lock_release
                0x00000000080091ac        0xc c:/st/stm32cubeide_1.8.0/stm32cubeide/plugins/com.st.stm32cube.ide.mcu.externaltools.gnu-tools-for-stm32.10.3-2021.10.win32_1.0.200.202301161003/tools/bin/../lib/gcc/arm-none-eabi/10.3.1/../../../../arm-none-eabi/lib/thumb/v7e-m+fp/hard\libc_nano.a(lib_a-findfp.o)
                0x00000000080091ac                __sfp_lock_release
 .text.__sinit_lock_acquire
                0x00000000080091b8        0xc c:/st/stm32cubeide_1.8.0/stm32cubeide/plugins/com.st.stm32cube.ide.mcu.externaltools.gnu-tools-for-stm32.10.3-2021.10.win32_1.0.200.202301161003/tools/bin/../lib/gcc/arm-none-eabi/10.3.1/../../../../arm-none-eabi/lib/thumb/v7e-m+fp/hard\libc_nano.a(lib_a-findfp.o)
                0x00000000080091b8                __sinit_lock_acquire
 .text.__sinit_lock_release
                0x00000000080091c4        0xc c:/st/stm32cubeide_1.8.0/stm32cubeide/plugins/com.st.stm32cube.ide.mcu.externaltools.gnu-tools-for-stm32.10.3-2021.10.win32_1.0.200.202301161003/tools/bin/../lib/gcc/arm-none-eabi/10.3.1/../../../../arm-none-eabi/lib/thumb/v7e-m+fp/hard\libc_nano.a(lib_a-findfp.o)
                0x00000000080091c4                __sinit_lock_release
 .text.__sinit  0x00000000080091d0       0x70 c:/st/stm32cubeide_1.8.0/stm32cubeide/plugins/com.st.stm32cube.ide.mcu.externaltools.gnu-tools-for-stm32.10.3-2021.10.win32_1.0.200.202301161003/tools/bin/../lib/gcc/arm-none-eabi/10.3.1/../../../../arm-none-eabi/lib/thumb/v7e-m+fp/hard\libc_nano.a(lib_a-findfp.o)
                0x00000000080091d0                __sinit
 .text.__sfp    0x0000000008009240       0x8c c:/st/stm32cubeide_1.8.0/stm32cubeide/plugins/com.st.stm32cube.ide.mcu.externaltools.gnu-tools-for-stm32.10.3-2021.10.win32_1.0.200.202301161003/tools/bin/../lib/gcc/arm-none-eabi/10.3.1/../../../../arm-none-eabi/lib/thumb/v7e-m+fp/hard\libc_nano.a(lib_a-findfp.o)
                0x0000000008009240                __sfp
 .text.fprintf  0x00000000080092cc       0x24 c:/st/stm32cubeide_1.8.0/stm32cubeide/plugins/com.st.stm32cube.ide.mcu.externaltools.gnu-tools-for-stm32.10.3-2021.10.win32_1.0.200.202301161003/tools/bin/../lib/gcc/arm-none-eabi/10.3.1/../../../../arm-none-eabi/lib/thumb/v7e-m+fp/hard\libc_nano.a(lib_a-fprintf.o)
                0x00000000080092cc                fiprintf
                0x00000000080092cc                fprintf
 .text._fwalk_reent
                0x00000000080092f0       0x3e c:/st/stm32cubeide_1.8.0/stm32cubeide/plugins/com.st.stm32cube.ide.mcu.externaltools.gnu-tools-for-stm32.10.3-2021.10.win32_1.0.200.202301161003/tools/bin/../lib/gcc/arm-none-eabi/10.3.1/../../../../arm-none-eabi/lib/thumb/v7e-m+fp/hard\libc_nano.a(lib_a-fwalk.o)
                0x00000000080092f0                _fwalk_reent
 .text.__retarget_lock_init_recursive
                0x000000000800932e        0x2 c:/st/stm32cubeide_1.8.0/stm32cubeide/plugins/com.st.stm32cube.ide.mcu.externaltools.gnu-tools-for-stm32.10.3-2021.10.win32_1.0.200.202301161003/tools/bin/../lib/gcc/arm-none-eabi/10.3.1/../../../../arm-none-eabi/lib/thumb/v7e-m+fp/hard\libc_nano.a(lib_a-lock.o)
                0x000000000800932e                __retarget_lock_init_recursive
 .text.__retarget_lock_acquire_recursive
                0x0000000008009330        0x2 c:/st/stm32cubeide_1.8.0/stm32cubeide/plugins/com.st.stm32cube.ide.mcu.externaltools.gnu-tools-for-stm32.10.3-2021.10.win32_1.0.200.202301161003/tools/bin/../lib/gcc/arm-none-eabi/10.3.1/../../../../arm-none-eabi/lib/thumb/v7e-m+fp/hard\libc_nano.a(lib_a-lock.o)
                0x0000000008009330                __retarget_lock_acquire_recursive
 .text.__retarget_lock_release_recursive
                0x0000000008009332        0x2 c:/st/stm32cubeide_1.8.0/stm32cubeide/plugins/com.st.stm32cube.ide.mcu.externaltools.gnu-tools-for-stm32.10.3-2021.10.win32_1.0.200.202301161003/tools/bin/../lib/gcc/arm-none-eabi/10.3.1/../../../../arm-none-eabi/lib/thumb/v7e-m+fp/hard\libc_nano.a(lib_a-lock.o)
                0x0000000008009332                __retarget_lock_release_recursive
 .text.__swhatbuf_r
                0x0000000008009334       0x4a c:/st/stm32cubeide_1.8.0/stm32cubeide/plugins/com.st.stm32cube.ide.mcu.externaltools.gnu-tools-for-stm32.10.3-2021.10.win32_1.0.200.202301161003/tools/bin/../lib/gcc/arm-none-eabi/10.3.1/../../../../arm-none-eabi/lib/thumb/v7e-m+fp/hard\libc_nano.a(lib_a-makebuf.o)
                0x0000000008009334                __swhatbuf_r
 *fill*         0x000000000800937e        0x2 
 .text.__smakebuf_r
                0x0000000008009380       0x80 c:/st/stm32cubeide_1.8.0/stm32cubeide/plugins/com.st.stm32cube.ide.mcu.externaltools.gnu-tools-for-stm32.10.3-2021.10.win32_1.0.200.202301161003/tools/bin/../lib/gcc/arm-none-eabi/10.3.1/../../../../arm-none-eabi/lib/thumb/v7e-m+fp/hard\libc_nano.a(lib_a-makebuf.o)
                0x0000000008009380                __smakebuf_r
 .text.malloc   0x0000000008009400       0x10 c:/st/stm32cubeide_1.8.0/stm32cubeide/plugins/com.st.stm32cube.ide.mcu.externaltools.gnu-tools-for-stm32.10.3-2021.10.win32_1.0.200.202301161003/tools/bin/../lib/gcc/arm-none-eabi/10.3.1/../../../../arm-none-eabi/lib/thumb/v7e-m+fp/hard\libc_nano.a(lib_a-malloc.o)
                0x0000000008009400                malloc
 .text._free_r  0x0000000008009410       0x98 c:/st/stm32cubeide_1.8.0/stm32cubeide/plugins/com.st.stm32cube.ide.mcu.externaltools.gnu-tools-for-stm32.10.3-2021.10.win32_1.0.200.202301161003/tools/bin/../lib/gcc/arm-none-eabi/10.3.1/../../../../arm-none-eabi/lib/thumb/v7e-m+fp/hard\libc_nano.a(lib_a-nano-freer.o)
                0x0000000008009410                _free_r
 .text.sbrk_aligned
                0x00000000080094a8       0x40 c:/st/stm32cubeide_1.8.0/stm32cubeide/plugins/com.st.stm32cube.ide.mcu.externaltools.gnu-tools-for-stm32.10.3-2021.10.win32_1.0.200.202301161003/tools/bin/../lib/gcc/arm-none-eabi/10.3.1/../../../../arm-none-eabi/lib/thumb/v7e-m+fp/hard\libc_nano.a(lib_a-nano-mallocr.o)
 .text._malloc_r
                0x00000000080094e8       0xe8 c:/st/stm32cubeide_1.8.0/stm32cubeide/plugins/com.st.stm32cube.ide.mcu.externaltools.gnu-tools-for-stm32.10.3-2021.10.win32_1.0.200.202301161003/tools/bin/../lib/gcc/arm-none-eabi/10.3.1/../../../../arm-none-eabi/lib/thumb/v7e-m+fp/hard\libc_nano.a(lib_a-nano-mallocr.o)
                0x00000000080094e8                _malloc_r
 .text.__ssputs_r
                0x00000000080095d0       0xb6 c:/st/stm32cubeide_1.8.0/stm32cubeide/plugins/com.st.stm32cube.ide.mcu.externaltools.gnu-tools-for-stm32.10.3-2021.10.win32_1.0.200.202301161003/tools/bin/../lib/gcc/arm-none-eabi/10.3.1/../../../../arm-none-eabi/lib/thumb/v7e-m+fp/hard\libc_nano.a(lib_a-nano-svfprintf.o)
                0x00000000080095d0                __ssputs_r
 *fill*         0x0000000008009686        0x2 
 .text._svfprintf_r
                0x0000000008009688      0x200 c:/st/stm32cubeide_1.8.0/stm32cubeide/plugins/com.st.stm32cube.ide.mcu.externaltools.gnu-tools-for-stm32.10.3-2021.10.win32_1.0.200.202301161003/tools/bin/../lib/gcc/arm-none-eabi/10.3.1/../../../../arm-none-eabi/lib/thumb/v7e-m+fp/hard\libc_nano.a(lib_a-nano-svfprintf.o)
                0x0000000008009688                _svfiprintf_r
                0x0000000008009688                _svfprintf_r
 .text.__sfputc_r
                0x0000000008009888       0x2e c:/st/stm32cubeide_1.8.0/stm32cubeide/plugins/com.st.stm32cube.ide.mcu.externaltools.gnu-tools-for-stm32.10.3-2021.10.win32_1.0.200.202301161003/tools/bin/../lib/gcc/arm-none-eabi/10.3.1/../../../../arm-none-eabi/lib/thumb/v7e-m+fp/hard\libc_nano.a(lib_a-nano-vfprintf.o)
 .text.__sfputs_r
                0x00000000080098b6       0x24 c:/st/stm32cubeide_1.8.0/stm32cubeide/plugins/com.st.stm32cube.ide.mcu.externaltools.gnu-tools-for-stm32.10.3-2021.10.win32_1.0.200.202301161003/tools/bin/../lib/gcc/arm-none-eabi/10.3.1/../../../../arm-none-eabi/lib/thumb/v7e-m+fp/hard\libc_nano.a(lib_a-nano-vfprintf.o)
                0x00000000080098b6                __sfputs_r
 *fill*         0x00000000080098da        0x2 
 .text._vfprintf_r
                0x00000000080098dc      0x260 c:/st/stm32cubeide_1.8.0/stm32cubeide/plugins/com.st.stm32cube.ide.mcu.externaltools.gnu-tools-for-stm32.10.3-2021.10.win32_1.0.200.202301161003/tools/bin/../lib/gcc/arm-none-eabi/10.3.1/../../../../arm-none-eabi/lib/thumb/v7e-m+fp/hard\libc_nano.a(lib_a-nano-vfprintf.o)
                0x00000000080098dc                _vfprintf_r
                0x00000000080098dc                _vfiprintf_r
 .text._printf_common
                0x0000000008009b3c       0xda c:/st/stm32cubeide_1.8.0/stm32cubeide/plugins/com.st.stm32cube.ide.mcu.externaltools.gnu-tools-for-stm32.10.3-2021.10.win32_1.0.200.202301161003/tools/bin/../lib/gcc/arm-none-eabi/10.3.1/../../../../arm-none-eabi/lib/thumb/v7e-m+fp/hard\libc_nano.a(lib_a-nano-vfprintf_i.o)
                0x0000000008009b3c                _printf_common
 *fill*         0x0000000008009c16        0x2 
 .text._printf_i
                0x0000000008009c18      0x24c c:/st/stm32cubeide_1.8.0/stm32cubeide/plugins/com.st.stm32cube.ide.mcu.externaltools.gnu-tools-for-stm32.10.3-2021.10.win32_1.0.200.202301161003/tools/bin/../lib/gcc/arm-none-eabi/10.3.1/../../../../arm-none-eabi/lib/thumb/v7e-m+fp/hard\libc_nano.a(lib_a-nano-vfprintf_i.o)
                0x0000000008009c18                _printf_i
 .text._sbrk_r  0x0000000008009e64       0x20 c:/st/stm32cubeide_1.8.0/stm32cubeide/plugins/com.st.stm32cube.ide.mcu.externaltools.gnu-tools-for-stm32.10.3-2021.10.win32_1.0.200.202301161003/tools/bin/../lib/gcc/arm-none-eabi/10.3.1/../../../../arm-none-eabi/lib/thumb/v7e-m+fp/hard\libc_nano.a(lib_a-sbrkr.o)
                0x0000000008009e64                _sbrk_r
 .text.__sread  0x0000000008009e84       0x22 c:/st/stm32cubeide_1.8.0/stm32cubeide/plugins/com.st.stm32cube.ide.mcu.externaltools.gnu-tools-for-stm32.10.3-2021.10.win32_1.0.200.202301161003/tools/bin/../lib/gcc/arm-none-eabi/10.3.1/../../../../arm-none-eabi/lib/thumb/v7e-m+fp/hard\libc_nano.a(lib_a-stdio.o)
                0x0000000008009e84                __sread
 .text.__swrite
                0x0000000008009ea6       0x38 c:/st/stm32cubeide_1.8.0/stm32cubeide/plugins/com.st.stm32cube.ide.mcu.externaltools.gnu-tools-for-stm32.10.3-2021.10.win32_1.0.200.202301161003/tools/bin/../lib/gcc/arm-none-eabi/10.3.1/../../../../arm-none-eabi/lib/thumb/v7e-m+fp/hard\libc_nano.a(lib_a-stdio.o)
                0x0000000008009ea6                __swrite
 .text.__sseek  0x0000000008009ede       0x24 c:/st/stm32cubeide_1.8.0/stm32cubeide/plugins/com.st.stm32cube.ide.mcu.externaltools.gnu-tools-for-stm32.10.3-2021.10.win32_1.0.200.202301161003/tools/bin/../lib/gcc/arm-none-eabi/10.3.1/../../../../arm-none-eabi/lib/thumb/v7e-m+fp/hard\libc_nano.a(lib_a-stdio.o)
                0x0000000008009ede                __sseek
 .text.__sclose
                0x0000000008009f02        0x8 c:/st/stm32cubeide_1.8.0/stm32cubeide/plugins/com.st.stm32cube.ide.mcu.externaltools.gnu-tools-for-stm32.10.3-2021.10.win32_1.0.200.202301161003/tools/bin/../lib/gcc/arm-none-eabi/10.3.1/../../../../arm-none-eabi/lib/thumb/v7e-m+fp/hard\libc_nano.a(lib_a-stdio.o)
                0x0000000008009f02                __sclose
 *fill*         0x0000000008009f0a        0x2 
 .text._write_r
                0x0000000008009f0c       0x24 c:/st/stm32cubeide_1.8.0/stm32cubeide/plugins/com.st.stm32cube.ide.mcu.externaltools.gnu-tools-for-stm32.10.3-2021.10.win32_1.0.200.202301161003/tools/bin/../lib/gcc/arm-none-eabi/10.3.1/../../../../arm-none-eabi/lib/thumb/v7e-m+fp/hard\libc_nano.a(lib_a-writer.o)
                0x0000000008009f0c                _write_r
 .text.abort    0x0000000008009f30        0xe c:/st/stm32cubeide_1.8.0/stm32cubeide/plugins/com.st.stm32cube.ide.mcu.externaltools.gnu-tools-for-stm32.10.3-2021.10.win32_1.0.200.202301161003/tools/bin/../lib/gcc/arm-none-eabi/10.3.1/../../../../arm-none-eabi/lib/thumb/v7e-m+fp/hard\libc_nano.a(lib_a-abort.o)
                0x0000000008009f30                abort
 *fill*         0x0000000008009f3e        0x2 
 .text._close_r
                0x0000000008009f40       0x20 c:/st/stm32cubeide_1.8.0/stm32cubeide/plugins/com.st.stm32cube.ide.mcu.externaltools.gnu-tools-for-stm32.10.3-2021.10.win32_1.0.200.202301161003/tools/bin/../lib/gcc/arm-none-eabi/10.3.1/../../../../arm-none-eabi/lib/thumb/v7e-m+fp/hard\libc_nano.a(lib_a-closer.o)
                0x0000000008009f40                _close_r
 .text._fstat_r
                0x0000000008009f60       0x24 c:/st/stm32cubeide_1.8.0/stm32cubeide/plugins/com.st.stm32cube.ide.mcu.externaltools.gnu-tools-for-stm32.10.3-2021.10.win32_1.0.200.202301161003/tools/bin/../lib/gcc/arm-none-eabi/10.3.1/../../../../arm-none-eabi/lib/thumb/v7e-m+fp/hard\libc_nano.a(lib_a-fstatr.o)
                0x0000000008009f60                _fstat_r
 .text._isatty_r
                0x0000000008009f84       0x20 c:/st/stm32cubeide_1.8.0/stm32cubeide/plugins/com.st.stm32cube.ide.mcu.externaltools.gnu-tools-for-stm32.10.3-2021.10.win32_1.0.200.202301161003/tools/bin/../lib/gcc/arm-none-eabi/10.3.1/../../../../arm-none-eabi/lib/thumb/v7e-m+fp/hard\libc_nano.a(lib_a-isattyr.o)
                0x0000000008009f84                _isatty_r
 .text._lseek_r
                0x0000000008009fa4       0x24 c:/st/stm32cubeide_1.8.0/stm32cubeide/plugins/com.st.stm32cube.ide.mcu.externaltools.gnu-tools-for-stm32.10.3-2021.10.win32_1.0.200.202301161003/tools/bin/../lib/gcc/arm-none-eabi/10.3.1/../../../../arm-none-eabi/lib/thumb/v7e-m+fp/hard\libc_nano.a(lib_a-lseekr.o)
                0x0000000008009fa4                _lseek_r
 .text.memmove  0x0000000008009fc8       0x34 c:/st/stm32cubeide_1.8.0/stm32cubeide/plugins/com.st.stm32cube.ide.mcu.externaltools.gnu-tools-for-stm32.10.3-2021.10.win32_1.0.200.202301161003/tools/bin/../lib/gcc/arm-none-eabi/10.3.1/../../../../arm-none-eabi/lib/thumb/v7e-m+fp/hard\libc_nano.a(lib_a-memmove.o)
                0x0000000008009fc8                memmove
 .text.__malloc_lock
                0x0000000008009ffc        0xc c:/st/stm32cubeide_1.8.0/stm32cubeide/plugins/com.st.stm32cube.ide.mcu.externaltools.gnu-tools-for-stm32.10.3-2021.10.win32_1.0.200.202301161003/tools/bin/../lib/gcc/arm-none-eabi/10.3.1/../../../../arm-none-eabi/lib/thumb/v7e-m+fp/hard\libc_nano.a(lib_a-mlock.o)
                0x0000000008009ffc                __malloc_lock
 .text.__malloc_unlock
                0x000000000800a008        0xc c:/st/stm32cubeide_1.8.0/stm32cubeide/plugins/com.st.stm32cube.ide.mcu.externaltools.gnu-tools-for-stm32.10.3-2021.10.win32_1.0.200.202301161003/tools/bin/../lib/gcc/arm-none-eabi/10.3.1/../../../../arm-none-eabi/lib/thumb/v7e-m+fp/hard\libc_nano.a(lib_a-mlock.o)
                0x000000000800a008                __malloc_unlock
 .text._realloc_r
                0x000000000800a014       0x5e c:/st/stm32cubeide_1.8.0/stm32cubeide/plugins/com.st.stm32cube.ide.mcu.externaltools.gnu-tools-for-stm32.10.3-2021.10.win32_1.0.200.202301161003/tools/bin/../lib/gcc/arm-none-eabi/10.3.1/../../../../arm-none-eabi/lib/thumb/v7e-m+fp/hard\libc_nano.a(lib_a-nano-reallocr.o)
                0x000000000800a014                _realloc_r
 *fill*         0x000000000800a072        0x2 
 .text._read_r  0x000000000800a074       0x24 c:/st/stm32cubeide_1.8.0/stm32cubeide/plugins/com.st.stm32cube.ide.mcu.externaltools.gnu-tools-for-stm32.10.3-2021.10.win32_1.0.200.202301161003/tools/bin/../lib/gcc/arm-none-eabi/10.3.1/../../../../arm-none-eabi/lib/thumb/v7e-m+fp/hard\libc_nano.a(lib_a-readr.o)
                0x000000000800a074                _read_r
 .text._raise_r
                0x000000000800a098       0x50 c:/st/stm32cubeide_1.8.0/stm32cubeide/plugins/com.st.stm32cube.ide.mcu.externaltools.gnu-tools-for-stm32.10.3-2021.10.win32_1.0.200.202301161003/tools/bin/../lib/gcc/arm-none-eabi/10.3.1/../../../../arm-none-eabi/lib/thumb/v7e-m+fp/hard\libc_nano.a(lib_a-signal.o)
                0x000000000800a098                _raise_r
 .text.raise    0x000000000800a0e8       0x10 c:/st/stm32cubeide_1.8.0/stm32cubeide/plugins/com.st.stm32cube.ide.mcu.externaltools.gnu-tools-for-stm32.10.3-2021.10.win32_1.0.200.202301161003/tools/bin/../lib/gcc/arm-none-eabi/10.3.1/../../../../arm-none-eabi/lib/thumb/v7e-m+fp/hard\libc_nano.a(lib_a-signal.o)
                0x000000000800a0e8                raise
 .text._kill_r  0x000000000800a0f8       0x24 c:/st/stm32cubeide_1.8.0/stm32cubeide/plugins/com.st.stm32cube.ide.mcu.externaltools.gnu-tools-for-stm32.10.3-2021.10.win32_1.0.200.202301161003/tools/bin/../lib/gcc/arm-none-eabi/10.3.1/../../../../arm-none-eabi/lib/thumb/v7e-m+fp/hard\libc_nano.a(lib_a-signalr.o)
                0x000000000800a0f8                _kill_r
 .text._getpid_r
                0x000000000800a11c        0x4 c:/st/stm32cubeide_1.8.0/stm32cubeide/plugins/com.st.stm32cube.ide.mcu.externaltools.gnu-tools-for-stm32.10.3-2021.10.win32_1.0.200.202301161003/tools/bin/../lib/gcc/arm-none-eabi/10.3.1/../../../../arm-none-eabi/lib/thumb/v7e-m+fp/hard\libc_nano.a(lib_a-signalr.o)
                0x000000000800a11c                _getpid_r
 .text._malloc_usable_size_r
                0x000000000800a120       0x10 c:/st/stm32cubeide_1.8.0/stm32cubeide/plugins/com.st.stm32cube.ide.mcu.externaltools.gnu-tools-for-stm32.10.3-2021.10.win32_1.0.200.202301161003/tools/bin/../lib/gcc/arm-none-eabi/10.3.1/../../../../arm-none-eabi/lib/thumb/v7e-m+fp/hard\libc_nano.a(lib_a-nano-msizer.o)
                0x000000000800a120                _malloc_usable_size_r
 .text.atanf    0x000000000800a130      0x1a8 c:/st/stm32cubeide_1.8.0/stm32cubeide/plugins/com.st.stm32cube.ide.mcu.externaltools.gnu-tools-for-stm32.10.3-2021.10.win32_1.0.200.202301161003/tools/bin/../lib/gcc/arm-none-eabi/10.3.1/../../../../arm-none-eabi/lib/thumb/v7e-m+fp/hard\libm.a(lib_a-sf_atan.o)
                0x000000000800a130                atanf
 .text.cosf     0x000000000800a2d8       0x88 c:/st/stm32cubeide_1.8.0/stm32cubeide/plugins/com.st.stm32cube.ide.mcu.externaltools.gnu-tools-for-stm32.10.3-2021.10.win32_1.0.200.202301161003/tools/bin/../lib/gcc/arm-none-eabi/10.3.1/../../../../arm-none-eabi/lib/thumb/v7e-m+fp/hard\libm.a(lib_a-sf_cos.o)
                0x000000000800a2d8                cosf
 .text.fabsf    0x000000000800a360        0xe c:/st/stm32cubeide_1.8.0/stm32cubeide/plugins/com.st.stm32cube.ide.mcu.externaltools.gnu-tools-for-stm32.10.3-2021.10.win32_1.0.200.202301161003/tools/bin/../lib/gcc/arm-none-eabi/10.3.1/../../../../arm-none-eabi/lib/thumb/v7e-m+fp/hard\libm.a(lib_a-sf_fabs.o)
                0x000000000800a360                fabsf
 *fill*         0x000000000800a36e        0x2 
 .text.sinf     0x000000000800a370       0x8c c:/st/stm32cubeide_1.8.0/stm32cubeide/plugins/com.st.stm32cube.ide.mcu.externaltools.gnu-tools-for-stm32.10.3-2021.10.win32_1.0.200.202301161003/tools/bin/../lib/gcc/arm-none-eabi/10.3.1/../../../../arm-none-eabi/lib/thumb/v7e-m+fp/hard\libm.a(lib_a-sf_sin.o)
                0x000000000800a370                sinf
 .text.tanf     0x000000000800a3fc       0x58 c:/st/stm32cubeide_1.8.0/stm32cubeide/plugins/com.st.stm32cube.ide.mcu.externaltools.gnu-tools-for-stm32.10.3-2021.10.win32_1.0.200.202301161003/tools/bin/../lib/gcc/arm-none-eabi/10.3.1/../../../../arm-none-eabi/lib/thumb/v7e-m+fp/hard\libm.a(lib_a-sf_tan.o)
                0x000000000800a3fc                tanf
 .text.sqrtl    0x000000000800a454        0x4 c:/st/stm32cubeide_1.8.0/stm32cubeide/plugins/com.st.stm32cube.ide.mcu.externaltools.gnu-tools-for-stm32.10.3-2021.10.win32_1.0.200.202301161003/tools/bin/../lib/gcc/arm-none-eabi/10.3.1/../../../../arm-none-eabi/lib/thumb/v7e-m+fp/hard\libm.a(lib_a-sqrtl.o)
                0x000000000800a454                sqrtl
 .text.exp      0x000000000800a458       0x90 c:/st/stm32cubeide_1.8.0/stm32cubeide/plugins/com.st.stm32cube.ide.mcu.externaltools.gnu-tools-for-stm32.10.3-2021.10.win32_1.0.200.202301161003/tools/bin/../lib/gcc/arm-none-eabi/10.3.1/../../../../arm-none-eabi/lib/thumb/v7e-m+fp/hard\libm.a(lib_a-w_exp.o)
                0x000000000800a458                exp
 .text.pow      0x000000000800a4e8       0xe0 c:/st/stm32cubeide_1.8.0/stm32cubeide/plugins/com.st.stm32cube.ide.mcu.externaltools.gnu-tools-for-stm32.10.3-2021.10.win32_1.0.200.202301161003/tools/bin/../lib/gcc/arm-none-eabi/10.3.1/../../../../arm-none-eabi/lib/thumb/v7e-m+fp/hard\libm.a(lib_a-w_pow.o)
                0x000000000800a4e8                pow
 .text.sqrt     0x000000000800a5c8       0x58 c:/st/stm32cubeide_1.8.0/stm32cubeide/plugins/com.st.stm32cube.ide.mcu.externaltools.gnu-tools-for-stm32.10.3-2021.10.win32_1.0.200.202301161003/tools/bin/../lib/gcc/arm-none-eabi/10.3.1/../../../../arm-none-eabi/lib/thumb/v7e-m+fp/hard\libm.a(lib_a-w_sqrt.o)
                0x000000000800a5c8                sqrt
 .text.__ieee754_exp
                0x000000000800a620      0x304 c:/st/stm32cubeide_1.8.0/stm32cubeide/plugins/com.st.stm32cube.ide.mcu.externaltools.gnu-tools-for-stm32.10.3-2021.10.win32_1.0.200.202301161003/tools/bin/../lib/gcc/arm-none-eabi/10.3.1/../../../../arm-none-eabi/lib/thumb/v7e-m+fp/hard\libm.a(lib_a-e_exp.o)
                0x000000000800a620                __ieee754_exp
 *fill*         0x000000000800a924        0x4 
 .text.__ieee754_pow
                0x000000000800a928      0xa5c c:/st/stm32cubeide_1.8.0/stm32cubeide/plugins/com.st.stm32cube.ide.mcu.externaltools.gnu-tools-for-stm32.10.3-2021.10.win32_1.0.200.202301161003/tools/bin/../lib/gcc/arm-none-eabi/10.3.1/../../../../arm-none-eabi/lib/thumb/v7e-m+fp/hard\libm.a(lib_a-e_pow.o)
                0x000000000800a928                __ieee754_pow
 .text.__ieee754_sqrt
                0x000000000800b384      0x164 c:/st/stm32cubeide_1.8.0/stm32cubeide/plugins/com.st.stm32cube.ide.mcu.externaltools.gnu-tools-for-stm32.10.3-2021.10.win32_1.0.200.202301161003/tools/bin/../lib/gcc/arm-none-eabi/10.3.1/../../../../arm-none-eabi/lib/thumb/v7e-m+fp/hard\libm.a(lib_a-e_sqrt.o)
                0x000000000800b384                __ieee754_sqrt
 .text.__ieee754_rem_pio2f
                0x000000000800b4e8      0x278 c:/st/stm32cubeide_1.8.0/stm32cubeide/plugins/com.st.stm32cube.ide.mcu.externaltools.gnu-tools-for-stm32.10.3-2021.10.win32_1.0.200.202301161003/tools/bin/../lib/gcc/arm-none-eabi/10.3.1/../../../../arm-none-eabi/lib/thumb/v7e-m+fp/hard\libm.a(lib_a-ef_rem_pio2.o)
                0x000000000800b4e8                __ieee754_rem_pio2f
 .text.__kernel_cosf
                0x000000000800b760       0xc0 c:/st/stm32cubeide_1.8.0/stm32cubeide/plugins/com.st.stm32cube.ide.mcu.externaltools.gnu-tools-for-stm32.10.3-2021.10.win32_1.0.200.202301161003/tools/bin/../lib/gcc/arm-none-eabi/10.3.1/../../../../arm-none-eabi/lib/thumb/v7e-m+fp/hard\libm.a(lib_a-kf_cos.o)
                0x000000000800b760                __kernel_cosf
 .text.__kernel_rem_pio2f
                0x000000000800b820      0x4ec c:/st/stm32cubeide_1.8.0/stm32cubeide/plugins/com.st.stm32cube.ide.mcu.externaltools.gnu-tools-for-stm32.10.3-2021.10.win32_1.0.200.202301161003/tools/bin/../lib/gcc/arm-none-eabi/10.3.1/../../../../arm-none-eabi/lib/thumb/v7e-m+fp/hard\libm.a(lib_a-kf_rem_pio2.o)
                0x000000000800b820                __kernel_rem_pio2f
 .text.__kernel_sinf
                0x000000000800bd0c       0x90 c:/st/stm32cubeide_1.8.0/stm32cubeide/plugins/com.st.stm32cube.ide.mcu.externaltools.gnu-tools-for-stm32.10.3-2021.10.win32_1.0.200.202301161003/tools/bin/../lib/gcc/arm-none-eabi/10.3.1/../../../../arm-none-eabi/lib/thumb/v7e-m+fp/hard\libm.a(lib_a-kf_sin.o)
                0x000000000800bd0c                __kernel_sinf
 .text.__kernel_tanf
                0x000000000800bd9c      0x1c0 c:/st/stm32cubeide_1.8.0/stm32cubeide/plugins/com.st.stm32cube.ide.mcu.externaltools.gnu-tools-for-stm32.10.3-2021.10.win32_1.0.200.202301161003/tools/bin/../lib/gcc/arm-none-eabi/10.3.1/../../../../arm-none-eabi/lib/thumb/v7e-m+fp/hard\libm.a(lib_a-kf_tan.o)
                0x000000000800bd9c                __kernel_tanf
 .text.with_errno
                0x000000000800bf5c       0x14 c:/st/stm32cubeide_1.8.0/stm32cubeide/plugins/com.st.stm32cube.ide.mcu.externaltools.gnu-tools-for-stm32.10.3-2021.10.win32_1.0.200.202301161003/tools/bin/../lib/gcc/arm-none-eabi/10.3.1/../../../../arm-none-eabi/lib/thumb/v7e-m+fp/hard\libm.a(lib_a-math_err.o)
 .text.xflow    0x000000000800bf70       0x28 c:/st/stm32cubeide_1.8.0/stm32cubeide/plugins/com.st.stm32cube.ide.mcu.externaltools.gnu-tools-for-stm32.10.3-2021.10.win32_1.0.200.202301161003/tools/bin/../lib/gcc/arm-none-eabi/10.3.1/../../../../arm-none-eabi/lib/thumb/v7e-m+fp/hard\libm.a(lib_a-math_err.o)
 .text.__math_uflow
                0x000000000800bf98       0x12 c:/st/stm32cubeide_1.8.0/stm32cubeide/plugins/com.st.stm32cube.ide.mcu.externaltools.gnu-tools-for-stm32.10.3-2021.10.win32_1.0.200.202301161003/tools/bin/../lib/gcc/arm-none-eabi/10.3.1/../../../../arm-none-eabi/lib/thumb/v7e-m+fp/hard\libm.a(lib_a-math_err.o)
                0x000000000800bf98                __math_uflow
 .text.__math_oflow
                0x000000000800bfaa       0x12 c:/st/stm32cubeide_1.8.0/stm32cubeide/plugins/com.st.stm32cube.ide.mcu.externaltools.gnu-tools-for-stm32.10.3-2021.10.win32_1.0.200.202301161003/tools/bin/../lib/gcc/arm-none-eabi/10.3.1/../../../../arm-none-eabi/lib/thumb/v7e-m+fp/hard\libm.a(lib_a-math_err.o)
                0x000000000800bfaa                __math_oflow
 .text.fabs     0x000000000800bfbc       0x12 c:/st/stm32cubeide_1.8.0/stm32cubeide/plugins/com.st.stm32cube.ide.mcu.externaltools.gnu-tools-for-stm32.10.3-2021.10.win32_1.0.200.202301161003/tools/bin/../lib/gcc/arm-none-eabi/10.3.1/../../../../arm-none-eabi/lib/thumb/v7e-m+fp/hard\libm.a(lib_a-s_fabs.o)
                0x000000000800bfbc                fabs
 .text.finite   0x000000000800bfce       0x16 c:/st/stm32cubeide_1.8.0/stm32cubeide/plugins/com.st.stm32cube.ide.mcu.externaltools.gnu-tools-for-stm32.10.3-2021.10.win32_1.0.200.202301161003/tools/bin/../lib/gcc/arm-none-eabi/10.3.1/../../../../arm-none-eabi/lib/thumb/v7e-m+fp/hard\libm.a(lib_a-s_finite.o)
                0x000000000800bfce                finite
 *fill*         0x000000000800bfe4        0x4 
 .text.scalbn   0x000000000800bfe8      0x10c c:/st/stm32cubeide_1.8.0/stm32cubeide/plugins/com.st.stm32cube.ide.mcu.externaltools.gnu-tools-for-stm32.10.3-2021.10.win32_1.0.200.202301161003/tools/bin/../lib/gcc/arm-none-eabi/10.3.1/../../../../arm-none-eabi/lib/thumb/v7e-m+fp/hard\libm.a(lib_a-s_scalbn.o)
                0x000000000800bfe8                scalbn
 .text.floorf   0x000000000800c0f4       0x84 c:/st/stm32cubeide_1.8.0/stm32cubeide/plugins/com.st.stm32cube.ide.mcu.externaltools.gnu-tools-for-stm32.10.3-2021.10.win32_1.0.200.202301161003/tools/bin/../lib/gcc/arm-none-eabi/10.3.1/../../../../arm-none-eabi/lib/thumb/v7e-m+fp/hard\libm.a(lib_a-sf_floor.o)
                0x000000000800c0f4                floorf
 .text.scalbnf  0x000000000800c178       0xe4 c:/st/stm32cubeide_1.8.0/stm32cubeide/plugins/com.st.stm32cube.ide.mcu.externaltools.gnu-tools-for-stm32.10.3-2021.10.win32_1.0.200.202301161003/tools/bin/../lib/gcc/arm-none-eabi/10.3.1/../../../../arm-none-eabi/lib/thumb/v7e-m+fp/hard\libm.a(lib_a-sf_scalbn.o)
                0x000000000800c178                scalbnf
 *(.glue_7)
 .glue_7        0x000000000800c25c        0x0 linker stubs
 *(.glue_7t)
 .glue_7t       0x000000000800c25c        0x0 linker stubs
 *(.eh_frame)
 .eh_frame      0x000000000800c25c        0x0 c:/st/stm32cubeide_1.8.0/stm32cubeide/plugins/com.st.stm32cube.ide.mcu.externaltools.gnu-tools-for-stm32.10.3-2021.10.win32_1.0.200.202301161003/tools/bin/../lib/gcc/arm-none-eabi/10.3.1/thumb/v7e-m+fp/hard/crtbegin.o
 *(.init)
 .init          0x000000000800c25c        0x4 c:/st/stm32cubeide_1.8.0/stm32cubeide/plugins/com.st.stm32cube.ide.mcu.externaltools.gnu-tools-for-stm32.10.3-2021.10.win32_1.0.200.202301161003/tools/bin/../lib/gcc/arm-none-eabi/10.3.1/thumb/v7e-m+fp/hard/crti.o
                0x000000000800c25c                _init
 .init          0x000000000800c260        0x8 c:/st/stm32cubeide_1.8.0/stm32cubeide/plugins/com.st.stm32cube.ide.mcu.externaltools.gnu-tools-for-stm32.10.3-2021.10.win32_1.0.200.202301161003/tools/bin/../lib/gcc/arm-none-eabi/10.3.1/thumb/v7e-m+fp/hard/crtn.o
 *(.fini)
 .fini          0x000000000800c268        0x4 c:/st/stm32cubeide_1.8.0/stm32cubeide/plugins/com.st.stm32cube.ide.mcu.externaltools.gnu-tools-for-stm32.10.3-2021.10.win32_1.0.200.202301161003/tools/bin/../lib/gcc/arm-none-eabi/10.3.1/thumb/v7e-m+fp/hard/crti.o
                0x000000000800c268                _fini
 .fini          0x000000000800c26c        0x8 c:/st/stm32cubeide_1.8.0/stm32cubeide/plugins/com.st.stm32cube.ide.mcu.externaltools.gnu-tools-for-stm32.10.3-2021.10.win32_1.0.200.202301161003/tools/bin/../lib/gcc/arm-none-eabi/10.3.1/thumb/v7e-m+fp/hard/crtn.o
                0x000000000800c274                . = ALIGN (0x4)
                0x000000000800c274                _etext = .

.vfp11_veneer   0x000000000800c274        0x0
 .vfp11_veneer  0x000000000800c274        0x0 linker stubs

.v4_bx          0x000000000800c274        0x0
 .v4_bx         0x000000000800c274        0x0 linker stubs

.iplt           0x000000000800c274        0x0
 .iplt          0x000000000800c274        0x0 c:/st/stm32cubeide_1.8.0/stm32cubeide/plugins/com.st.stm32cube.ide.mcu.externaltools.gnu-tools-for-stm32.10.3-2021.10.win32_1.0.200.202301161003/tools/bin/../lib/gcc/arm-none-eabi/10.3.1/thumb/v7e-m+fp/hard/crtbegin.o

.rodata         0x000000000800c278    0x6d270
                0x000000000800c278                . = ALIGN (0x4)
 *(.rodata)
 *(.rodata*)
 .rodata.AHBPrescTable
                0x000000000800c278       0x10 ./Core/Src/system_stm32g4xx.o
                0x000000000800c278                AHBPrescTable
 .rodata.APBPrescTable
                0x000000000800c288        0x8 ./Core/Src/system_stm32g4xx.o
                0x000000000800c288                APBPrescTable
 .rodata.USART_PRESCALER_TAB
                0x000000000800c290       0x30 ./Drivers/STM32G4xx_HAL_Driver/Src/stm32g4xx_ll_usart.o
 .rodata.orientations
                0x000000000800c2c0       0x10 ./System/lcd_ili9341.o
 .rodata.sample1
                0x000000000800c2d0      0xc89 ./System/podatki.o
                0x000000000800c2d0                sample1
 *fill*         0x000000000800cf59        0x3 
 .rodata.sample2
                0x000000000800cf5c      0xba8 ./System/podatki.o
                0x000000000800cf5c                sample2
 .rodata.sample3
                0x000000000800db04      0xe89 ./System/podatki.o
                0x000000000800db04                sample3
 *fill*         0x000000000800e98d        0x3 
 .rodata.sample4
                0x000000000800e990     0x2472 ./System/podatki.o
                0x000000000800e990                sample4
 *fill*         0x0000000008010e02        0x2 
 .rodata.t_floor
                0x0000000008010e04      0xc00 ./System/podatki.o
                0x0000000008010e04                t_floor
 .rodata.t_wall
                0x0000000008011a04      0xc00 ./System/podatki.o
                0x0000000008011a04                t_wall
 .rodata.handle_score.str1.4
                0x0000000008012604       0x8f ./System/pomozne_funkcije.o
 *fill*         0x0000000008012693        0x1 
 .rodata.t_cover_photo_complete
                0x0000000008012694    0x2a300 ./System/pomozne_funkcije.o
                0x0000000008012694                t_cover_photo_complete
 .rodata.t_victory_screen
                0x000000000803c994    0x16da0 ./System/pomozne_funkcije.o
                0x000000000803c994                t_victory_screen
 .rodata.t_brickWall
                0x0000000008053734      0xc00 ./System/ray_funkcije.o
                0x0000000008053734                t_brickWall
 .rodata.t_enemy
                0x0000000008054334     0xc000 ./System/ray_funkcije.o
                0x0000000008054334                t_enemy
 .rodata.t_gun_2
                0x0000000008060334     0xc000 ./System/ray_funkcije.o
                0x0000000008060334                t_gun_2
 .rodata.t_guns
                0x000000000806c334     0xc000 ./System/ray_funkcije.o
                0x000000000806c334                t_guns
 .rodata.FONT_8X12
                0x0000000008078334       0x1c ./System/ugui.o