../System/lcd.c:167:6:UserPixelSetFunction	16	static
../System/lcd.c:49:13:LCD_IO_Init	16	static
../System/lcd.c:38:6:LCD_DisplayBuffer	16	static
../System/lcd.c:69:6:LCD_FillRect	24	static
../System/lcd.c:175:25:_HW_FillFrame_	16	static
../System/lcd.c:118:6:LCD_ClearScreen	16	static
../System/lcd.c:92:6:LCD_Init	8	static
../System/lcd.c:133:6:LCD_demo_simple	16	static
../System/lcd.c:202:6:LCD_uGUI_init	8	static
../System/lcd.c:226:6:LCD_uGUI_demo_Misko3	8	static
../System/lcd.c:274:6:LCD_TCH_demo	16	static
