../Drivers/STM32G4xx_HAL_Driver/Inc/stm32g4xx_ll_tim.h:3196:22:LL_TIM_OC_SetCompareCH1	0	static
../Drivers/STM32G4xx_HAL_Driver/Inc/stm32g4xx_ll_tim.h:3297:26:LL_TIM_OC_GetCompareCH1	0	static
../System/lcd_backlight.c:197:9:LCD_BKLT_get_brightness	8	static
../System/lcd_backlight.c:222:6:LCD_BKLT_set_brightness	8	static
../System/lcd_backlight.c:250:6:LCD_BKLT_on	8	static
../System/lcd_backlight.c:118:6:LCD_BKLT_init	8	static
../System/lcd_backlight.c:258:6:LCD_BKLT_off	8	static
../System/lcd_backlight.c:277:6:LCD_BKLT_demo	8	static
