../System/lcd_ili9341.c:85:6:ILI9341_SetAddress	0	static,ignoring_inline_asm
../System/lcd_ili9341.c:96:9:ILI9341_SendData	16	static
../System/lcd_ili9341.c:161:9:ILI9341_SendRepeatedData	0	static,ignoring_inline_asm
../System/lcd_ili9341.c:270:6:ILI9341_RecvData	0	static,ignoring_inline_asm
../System/lcd_ili9341.c:282:6:ILI9341_SetOrientation	16	static
../System/lcd_ili9341.c:313:6:ILI9341_SetDisplayWindow	32	static
../System/lcd_ili9341.c:347:6:ILI9341_Init	32	static
../System/lcd_ili9341.c:397:6:ILI9341_WaitTransfer	8	static
../System/lcd_ili9341.c:405:6:ILI9341_DisplayOn	16	static
../System/lcd_ili9341.c:412:6:ILI9341_DisplayOff	16	static
../System/lcd_ili9341.c:419:6:ILI9341_InvertDisplay	16	static
../System/lcd_ili9341.c:428:6:ILI9341_SetSleep	16	static
../System/lcd_ili9341.c:441:6:ILI9341_SetScrollArea	24	static
../System/lcd_ili9341.c:464:6:ILI9341_ScrollScreen	16	static
../System/lcd_ili9341.c:490:10:ILI9341_GetParam	0	static
