../System/pomozne_funkcije.c:27:6:narisi_velik_kvadrat	4	static
../System/pomozne_funkcije.c:51:6:narisi_velik_kvadrat_stene	4	static
../System/pomozne_funkcije.c:149:7:popraviKot	24	static
../System/pomozne_funkcije.c:154:15:create_rgb	0	static
../System/pomozne_funkcije.c:81:6:reset	40	static
../System/pomozne_funkcije.c:160:7:visibility	8	static
../System/pomozne_funkcije.c:165:7:map_range	0	static
../System/pomozne_funkcije.c:201:6:moveBlood	16	static
../System/pomozne_funkcije.c:211:6:initBlood	56	static
../System/pomozne_funkcije.c:224:6:drawBlood	16	static
../System/pomozne_funkcije.c:246:6:draw_full_screen_image	24	static
../System/pomozne_funkcije.c:262:6:draw_full_screen_image_without_red	16	static
../System/pomozne_funkcije.c:301:6:create_level_one_sprites	48	static
../System/pomozne_funkcije.c:330:6:copy_sprites	8	static
../System/pomozne_funkcije.c:109:6:init	16	static
../System/pomozne_funkcije.c:336:6:handle_score	176	static
../System/pomozne_funkcije.c:398:6:play_sound	0	static
../System/pomozne_funkcije.c:280:6:check_victory	24	static
../System/pomozne_funkcije.c:169:6:shoot	24	static
