../System/SCI.c:109:6:SCI_init	8	static,ignoring_inline_asm
../System/SCI.c:166:6:SCI_send_char	0	static
../System/SCI.c:185:6:SCI_send_byte	0	static
../System/SCI.c:214:6:SCI_send_string	16	static
../System/SCI.c:238:6:SCI_send_bytes	16	static
../System/SCI.c:266:9:SCI_is_data_waiting	0	static
../System/SCI.c:285:18:SCI_read_char	8	static
../System/SCI.c:323:18:SCI_read_byte	8	static
../System/SCI.c:370:5:_write	8	static
../System/SCI.c:409:6:SCI_demo_Hello_world	8	static
../System/SCI.c:427:6:SCI_demo_Hello_world_printf	8	static
../System/SCI.c:451:6:SCI_demo_echo_with_polling	16	static
../System/SCI.c:505:6:SCI_send_string_IT	24	static,ignoring_inline_asm
../System/SCI.c:564:6:SCI_send_bytes_IT	24	static,ignoring_inline_asm
../System/SCI.c:618:6:SCI_receive_char_Callback	8	static
../System/SCI.c:634:6:SCI_transmit_char_Callback	16	static,ignoring_inline_asm
../System/SCI.c:672:6:SCI_demo_receive_with_interrupts	16	static
../System/SCI.c:695:6:SCI_demo_transmit_with_interrupts	112	static
../System/SCI.c:716:6:SCI_demo_echo_with_interrupts	520	static
